Oct  1 06:27:38 kikossyslog rsyslogd: [origin software="rsyslogd" swVersion="1.19.12" x-pid="3928"][x-configInfo udpReception="No" udpPort="514" tcpReception="No" tcpPort="0"] restart
Oct  1 06:27:38 kikossyslog rsyslogd: [origin software="rsyslogd" swVersion="1.19.12" x-pid="3928"][x-configInfo udpReception="No" udpPort="514" tcpReception="No" tcpPort="0"] restart
Oct  2 06:39:39 kikossyslog rsyslogd: [origin software="rsyslogd" swVersion="1.19.12" x-pid="3928"][x-configInfo udpReception="No" udpPort="514" tcpReception="No" tcpPort="0"] restart
Oct  3 06:28:56 kikossyslog rsyslogd: [origin software="rsyslogd" swVersion="1.19.12" x-pid="3928"][x-configInfo udpReception="No" udpPort="514" tcpReception="No" tcpPort="0"] restart
Oct 13 14:45:51 kikossyslog rsyslogd: [origin software="rsyslogd" swVersion="1.19.12" x-pid="3919"][x-configInfo udpReception="No" udpPort="514" tcpReception="No" tcpPort="0"] restart
Oct 13 14:45:51 kikossyslog kernel: rklogd 1.19.12, log source = /proc/kmsg started.
Oct 13 14:45:51 kikossyslog kernel: [    0.000000] Initializing cgroup subsys cpuset
Oct 13 14:45:51 kikossyslog kernel: [    0.000000] Initializing cgroup subsys cpu
Oct 13 14:45:51 kikossyslog kernel: [    0.000000] Linux version 2.6.24-19-server (buildd@terranova) (gcc version 4.2.3 (Ubuntu 4.2.3-2ubuntu7)) #1 SMP Wed Aug 20 23:54:28 UTC 2008 (Ubuntu 2.6.24-19.41-server)
Oct 13 14:45:51 kikossyslog kernel: [    0.000000] BIOS-provided physical RAM map:
Oct 13 14:45:51 kikossyslog kernel: [    0.000000]  BIOS-e820: 0000000000000000 - 000000000009f800 (usable)
Oct 13 14:45:51 kikossyslog kernel: [    0.000000]  BIOS-e820: 000000000009f800 - 00000000000a0000 (reserved)
Oct 13 14:45:51 kikossyslog kernel: [    0.000000]  BIOS-e820: 00000000000ca000 - 00000000000cc000 (reserved)
Oct 13 14:45:51 kikossyslog kernel: [    0.000000]  BIOS-e820: 00000000000dc000 - 0000000000100000 (reserved)
Oct 13 14:45:51 kikossyslog kernel: [    0.000000]  BIOS-e820: 0000000000100000 - 000000000fef0000 (usable)
Oct 13 14:45:51 kikossyslog kernel: [    0.000000]  BIOS-e820: 000000000fef0000 - 000000000feff000 (ACPI data)
Oct 13 14:45:51 kikossyslog kernel: [    0.000000]  BIOS-e820: 000000000feff000 - 000000000ff00000 (ACPI NVS)
Oct 13 14:45:51 kikossyslog kernel: [    0.000000]  BIOS-e820: 000000000ff00000 - 0000000010000000 (usable)
Oct 13 14:45:51 kikossyslog kernel: [    0.000000]  BIOS-e820: 00000000fec00000 - 00000000fec10000 (reserved)
Oct 13 14:45:51 kikossyslog kernel: [    0.000000]  BIOS-e820: 00000000fee00000 - 00000000fee01000 (reserved)
Oct 13 14:45:51 kikossyslog kernel: [    0.000000]  BIOS-e820: 00000000fffe0000 - 0000000100000000 (reserved)
Oct 13 14:45:51 kikossyslog kernel: [    0.000000] 0MB HIGHMEM available.
Oct 13 14:45:51 kikossyslog kernel: [    0.000000] 256MB LOWMEM available.
Oct 13 14:45:51 kikossyslog kernel: [    0.000000] found SMP MP-table at 000f6ce0
Oct 13 14:45:51 kikossyslog kernel: [    0.000000] NX (Execute Disable) protection: active
Oct 13 14:45:51 kikossyslog kernel: [    0.000000] Zone PFN ranges:
Oct 13 14:45:51 kikossyslog kernel: [    0.000000]   DMA             0 ->     4096
Oct 13 14:45:51 kikossyslog kernel: [    0.000000]   Normal       4096 ->    65536
Oct 13 14:45:51 kikossyslog kernel: [    0.000000]   HighMem     65536 ->    65536
Oct 13 14:45:51 kikossyslog kernel: [    0.000000] Movable zone start PFN for each node
Oct 13 14:45:51 kikossyslog kernel: [    0.000000] early_node_map[1] active PFN ranges
Oct 13 14:45:51 kikossyslog kernel: [    0.000000]     0:        0 ->    65536
Oct 13 14:45:51 kikossyslog kernel: [    0.000000] DMI present.
Oct 13 14:45:51 kikossyslog kernel: [    0.000000] ACPI: RSDP signature @ 0xC00F6C70 checksum 0
Oct 13 14:45:51 kikossyslog kernel: [    0.000000] ACPI: RSDP 000F6C70, 0014 (r0 PTLTD )
Oct 13 14:45:51 kikossyslog kernel: [    0.000000] ACPI: RSDT 0FEFAB74, 0030 (r1 PTLTD    RSDT    6040000  LTP        0)
Oct 13 14:45:51 kikossyslog kernel: [    0.000000] ACPI: FACP 0FEFEF14, 0074 (r1 INTEL  440BX     6040000 PTL     F4240)
Oct 13 14:45:51 kikossyslog kernel: [    0.000000] ACPI: DSDT 0FEFABA4, 4370 (r1 PTLTD  Custom    6040000 MSFT  100000D)
Oct 13 14:45:51 kikossyslog kernel: [    0.000000] ACPI: FACS 0FEFFFC0, 0040
Oct 13 14:45:51 kikossyslog kernel: [    0.000000] ACPI: APIC 0FEFEF88, 0050 (r1 PTLTD  #011 APIC    6040000  LTP        0)
Oct 13 14:45:51 kikossyslog kernel: [    0.000000] ACPI: BOOT 0FEFEFD8, 0028 (r1 PTLTD  $SBFTBL$  6040000  LTP        1)
Oct 13 14:45:51 kikossyslog kernel: [    0.000000] ACPI: PM-Timer IO Port: 0x1008
Oct 13 14:45:51 kikossyslog kernel: [    0.000000] ACPI: LAPIC (acpi_id[0x00] lapic_id[0x00] enabled)
Oct 13 14:45:51 kikossyslog kernel: [    0.000000] Processor #0 15:4 APIC version 17
Oct 13 14:45:51 kikossyslog kernel: [    0.000000] ACPI: LAPIC_NMI (acpi_id[0x00] high edge lint[0x1])
Oct 13 14:45:51 kikossyslog kernel: [    0.000000] ACPI: IOAPIC (id[0x01] address[0xfec00000] gsi_base[0])
Oct 13 14:45:51 kikossyslog kernel: [    0.000000] IOAPIC[0]: apic_id 1, version 17, address 0xfec00000, GSI 0-23
Oct 13 14:45:51 kikossyslog kernel: [    0.000000] ACPI: INT_SRC_OVR (bus 0 bus_irq 0 global_irq 2 high edge)
Oct 13 14:45:51 kikossyslog kernel: [    0.000000] Enabling APIC mode:  Flat.  Using 1 I/O APICs
Oct 13 14:45:51 kikossyslog kernel: [    0.000000] Using ACPI (MADT) for SMP configuration information
Oct 13 14:45:51 kikossyslog kernel: [    0.000000] Allocating PCI resources starting at 20000000 (gap: 10000000:eec00000)
Oct 13 14:45:51 kikossyslog kernel: [    0.000000] swsusp: Registered nosave memory region: 000000000009f000 - 00000000000a0000
Oct 13 14:45:51 kikossyslog kernel: [    0.000000] swsusp: Registered nosave memory region: 00000000000a0000 - 00000000000ca000
Oct 13 14:45:51 kikossyslog kernel: [    0.000000] swsusp: Registered nosave memory region: 00000000000ca000 - 00000000000cc000
Oct 13 14:45:51 kikossyslog kernel: [    0.000000] swsusp: Registered nosave memory region: 00000000000cc000 - 00000000000dc000
Oct 13 14:45:51 kikossyslog kernel: [    0.000000] swsusp: Registered nosave memory region: 00000000000dc000 - 0000000000100000
Oct 13 14:45:51 kikossyslog kernel: [    0.000000] swsusp: Registered nosave memory region: 000000000fef0000 - 000000000feff000
Oct 13 14:45:51 kikossyslog kernel: [    0.000000] swsusp: Registered nosave memory region: 000000000feff000 - 000000000ff00000
Oct 13 14:45:51 kikossyslog kernel: [    0.000000] Built 1 zonelists in Zone order, mobility grouping on.  Total pages: 65024
Oct 13 14:45:51 kikossyslog kernel: [    0.000000] Kernel command line: root=UUID=1b1b55f2-ff82-444c-ab98-ae1f8c82bca0 ro quiet splash
Oct 13 14:45:51 kikossyslog kernel: [    0.000000] Enabling fast FPU save and restore... done.
Oct 13 14:45:51 kikossyslog kernel: [    0.000000] Enabling unmasked SIMD FPU exception support... done.
Oct 13 14:45:51 kikossyslog kernel: [    0.000000] Initializing CPU#0
Oct 13 14:45:51 kikossyslog kernel: [    0.000000] PID hash table entries: 1024 (order: 10, 4096 bytes)
Oct 13 14:45:51 kikossyslog kernel: [    0.000000] Detected 2791.820 MHz processor.
Oct 13 14:45:51 kikossyslog kernel: [   11.506337] Console: colour VGA+ 80x25
Oct 13 14:45:51 kikossyslog kernel: [   11.506919] console [tty0] enabled
Oct 13 14:45:51 kikossyslog kernel: [   11.507776] Dentry cache hash table entries: 32768 (order: 5, 131072 bytes)
Oct 13 14:45:51 kikossyslog kernel: [   11.508633] Inode-cache hash table entries: 16384 (order: 4, 65536 bytes)
Oct 13 14:45:51 kikossyslog kernel: [   11.509490] Memory: 247792k/262144k available (2256k kernel code, 13732k reserved, 1031k data, 384k init, 0k highmem)
Oct 13 14:45:51 kikossyslog kernel: [   11.509549] virtual kernel memory layout:
Oct 13 14:45:51 kikossyslog kernel: [   11.509555]     fixmap  : 0xfff4c000 - 0xfffff000   ( 716 kB)
Oct 13 14:45:51 kikossyslog kernel: [   11.509557]     pkmap   : 0xffc00000 - 0xffe00000   (2048 kB)
Oct 13 14:45:51 kikossyslog kernel: [   11.509559]     vmalloc : 0xd0800000 - 0xffbfe000   ( 755 MB)
Oct 13 14:45:51 kikossyslog kernel: [   11.509560]     lowmem  : 0xc0000000 - 0xd0000000   ( 256 MB)
Oct 13 14:45:51 kikossyslog kernel: [   11.509562]       .init : 0xc043c000 - 0xc049c000   ( 384 kB)
Oct 13 14:45:51 kikossyslog kernel: [   11.509564]       .data : 0xc0334285 - 0xc0435fe4   (1031 kB)
Oct 13 14:45:51 kikossyslog kernel: [   11.509565]       .text : 0xc0100000 - 0xc0334285   (2256 kB)
Oct 13 14:45:51 kikossyslog kernel: [   11.509618] Checking if this processor honours the WP bit even in supervisor mode... Ok.
Oct 13 14:45:51 kikossyslog kernel: [   11.510475] SLUB: Genslabs=11, HWalign=64, Order=0-1, MinObjects=4, CPUs=1, Nodes=1
Oct 13 14:45:51 kikossyslog kernel: [   11.661537] Calibrating delay using timer specific routine.. 5623.83 BogoMIPS (lpj=28119170)
Oct 13 14:45:51 kikossyslog kernel: [   11.661693] Security Framework initialized
Oct 13 14:45:51 kikossyslog kernel: [   11.661849] SELinux:  Disabled at boot.
Oct 13 14:45:51 kikossyslog kernel: [   11.662005] AppArmor: AppArmor initialized
Oct 13 14:45:51 kikossyslog kernel: [   11.662161] Failure registering capabilities with primary security module.
Oct 13 14:45:51 kikossyslog kernel: [   11.662317] Mount-cache hash table entries: 512
Oct 13 14:45:51 kikossyslog kernel: [   11.662473] Initializing cgroup subsys ns
Oct 13 14:45:51 kikossyslog kernel: [   11.662629] Initializing cgroup subsys cpuacct
Oct 13 14:45:51 kikossyslog kernel: [   11.662941] CPU: Trace cache: 12K uops, L1 D cache: 16K
Oct 13 14:45:51 kikossyslog kernel: [   11.663029] CPU: L2 cache: 1024K
Oct 13 14:45:51 kikossyslog kernel: [   11.663341] Compat vDSO mapped to ffffe000.
Oct 13 14:45:51 kikossyslog kernel: [   11.663497] Checking 'hlt' instruction... OK.
Oct 13 14:45:51 kikossyslog kernel: [   11.701203] SMP alternatives: switching to UP code
Oct 13 14:45:51 kikossyslog kernel: [   11.701359] Freeing SMP alternatives: 12k freed
Oct 13 14:45:51 kikossyslog kernel: [   11.701515] Early unpacking initramfs... done
Oct 13 14:45:51 kikossyslog kernel: [   11.701671] ACPI: Core revision 20070126
Oct 13 14:45:51 kikossyslog kernel: [   11.701827] ACPI: Looking for DSDT in initramfs... error, file /DSDT.aml not found.
Oct 13 14:45:51 kikossyslog kernel: [   11.712101] CPU0: Intel(R) Pentium(R) 4 CPU 2.80GHz stepping 08
Oct 13 14:45:51 kikossyslog kernel: [   11.712413] Total of 1 processors activated (5623.83 BogoMIPS).
Oct 13 14:45:51 kikossyslog kernel: [   11.712569] ENABLING IO-APIC IRQs
Oct 13 14:45:51 kikossyslog kernel: [   11.712981] ..TIMER: vector=0x31 apic1=0 pin1=2 apic2=-1 pin2=-1
Oct 13 14:45:51 kikossyslog kernel: [   11.945642] Brought up 1 CPUs
Oct 13 14:45:51 kikossyslog kernel: [   12.003633] net_namespace: 64 bytes
Oct 13 14:45:51 kikossyslog kernel: [   12.004086] Booting paravirtualized kernel on bare hardware
Oct 13 14:45:51 kikossyslog kernel: [   12.014981] Time: 12:44:46  Date: 10/13/08
Oct 13 14:45:51 kikossyslog kernel: [   12.025110] NET: Registered protocol family 16
Oct 13 14:45:51 kikossyslog kernel: [   12.044298] EISA bus registered
Oct 13 14:45:51 kikossyslog kernel: [   12.044849] ACPI: bus type pci registered
Oct 13 14:45:51 kikossyslog kernel: [   12.055577] PCI: PCI BIOS revision 2.10 entry at 0xfd9a0, last bus=1
Oct 13 14:45:51 kikossyslog kernel: [   12.055639] PCI: Using configuration type 1
Oct 13 14:45:51 kikossyslog kernel: [   12.055776] Setting up standard PCI resources
Oct 13 14:45:51 kikossyslog kernel: [   12.256542] ACPI: Interpreter enabled
Oct 13 14:45:51 kikossyslog kernel: [   12.262575] ACPI: (supports S0 S1 S5)
Oct 13 14:45:51 kikossyslog kernel: [   12.264357] ACPI: Using IOAPIC for interrupt routing
Oct 13 14:45:51 kikossyslog kernel: [   12.454963] ACPI: PCI Root Bridge [PCI0] (0000:00)
Oct 13 14:45:51 kikossyslog kernel: [   12.484687] PCI quirk: region 1000-103f claimed by PIIX4 ACPI
Oct 13 14:45:51 kikossyslog kernel: [   12.484802] PCI quirk: region 1040-104f claimed by PIIX4 SMB
Oct 13 14:45:51 kikossyslog kernel: [   12.535787] ACPI: PCI Interrupt Link [LNKA] (IRQs 3 4 5 6 7 9 10 11 14 15) *0, disabled.
Oct 13 14:45:51 kikossyslog kernel: [   12.536331] ACPI: PCI Interrupt Link [LNKB] (IRQs 3 4 5 6 7 *9 10 11 14 15)
Oct 13 14:45:51 kikossyslog kernel: [   12.536568] ACPI: PCI Interrupt Link [LNKC] (IRQs 3 4 5 6 7 9 10 *11 14 15)
Oct 13 14:45:51 kikossyslog kernel: [   12.542396] ACPI: PCI Interrupt Link [LNKD] (IRQs 3 4 5 6 7 9 10 11 14 15) *0, disabled.
Oct 13 14:45:51 kikossyslog kernel: [   12.545006] Linux Plug and Play Support v0.97 (c) Adam Belay
Oct 13 14:45:51 kikossyslog kernel: [   12.545349] pnp: PnP ACPI init
Oct 13 14:45:51 kikossyslog kernel: [   12.545467] ACPI: bus type pnp registered
Oct 13 14:45:51 kikossyslog kernel: [   12.854653] pnp: PnP ACPI: found 12 devices
Oct 13 14:45:51 kikossyslog kernel: [   12.854756] ACPI: ACPI bus type pnp unregistered
Oct 13 14:45:51 kikossyslog kernel: [   12.854912] PnPBIOS: Disabled by ACPI PNP
Oct 13 14:45:51 kikossyslog kernel: [   12.865568] PCI: Using ACPI for IRQ routing
Oct 13 14:45:51 kikossyslog kernel: [   12.865716] PCI: If a device doesn't work, try "pci=routeirq".  If it helps, post a report
Oct 13 14:45:51 kikossyslog kernel: [   13.014027] NET: Registered protocol family 8
Oct 13 14:45:51 kikossyslog kernel: [   13.014052] NET: Registered protocol family 20
Oct 13 14:45:51 kikossyslog kernel: [   13.015098] NetLabel: Initializing
Oct 13 14:45:51 kikossyslog kernel: [   13.015122] NetLabel:  domain hash size = 128
Oct 13 14:45:51 kikossyslog kernel: [   13.015140] NetLabel:  protocols = UNLABELED CIPSOv4
Oct 13 14:45:51 kikossyslog kernel: [   13.023435] NetLabel:  unlabeled traffic allowed by default
Oct 13 14:45:51 kikossyslog kernel: [   13.025817] AppArmor: AppArmor Filesystem Enabled
Oct 13 14:45:51 kikossyslog kernel: [   13.032003] Time: tsc clocksource has been installed.
Oct 13 14:45:51 kikossyslog kernel: [   13.073383] system 00:01: ioport range 0x1000-0x103f has been reserved
Oct 13 14:45:51 kikossyslog kernel: [   13.073410] system 00:01: ioport range 0x1040-0x104f has been reserved
Oct 13 14:45:51 kikossyslog kernel: [   13.123414] PCI: Bridge: 0000:00:01.0
Oct 13 14:45:51 kikossyslog kernel: [   13.123446]   IO window: disabled.
Oct 13 14:45:51 kikossyslog kernel: [   13.123594]   MEM window: disabled.
Oct 13 14:45:51 kikossyslog kernel: [   13.123700]   PREFETCH window: disabled.
Oct 13 14:45:51 kikossyslog kernel: [   13.124012] NET: Registered protocol family 2
Oct 13 14:45:51 kikossyslog kernel: [   13.222800] IP route cache hash table entries: 2048 (order: 1, 8192 bytes)
Oct 13 14:45:51 kikossyslog kernel: [   13.222956] TCP established hash table entries: 8192 (order: 4, 65536 bytes)
Oct 13 14:45:51 kikossyslog kernel: [   13.223112] TCP bind hash table entries: 8192 (order: 4, 65536 bytes)
Oct 13 14:45:51 kikossyslog kernel: [   13.231683] TCP: Hash tables configured (established 8192 bind 8192)
Oct 13 14:45:51 kikossyslog kernel: [   13.231839] TCP reno registered
Oct 13 14:45:51 kikossyslog kernel: [   13.262734] checking if image is initramfs...<7>Switched to high resolution mode on CPU 0
Oct 13 14:45:51 kikossyslog kernel: [   13.631648]  it is
Oct 13 14:45:51 kikossyslog kernel: [   14.189349] Freeing initrd memory: 7188k freed
Oct 13 14:45:51 kikossyslog kernel: [   14.189685] Simple Boot Flag at 0x36 set to 0x1
Oct 13 14:45:51 kikossyslog kernel: [   14.191295] audit: initializing netlink socket (disabled)
Oct 13 14:45:51 kikossyslog kernel: [   14.191356] audit(1223901873.500:1): initialized
Oct 13 14:45:51 kikossyslog kernel: [   14.191902] Total HugeTLB memory allocated, 0
Oct 13 14:45:51 kikossyslog kernel: [   14.201390] VFS: Disk quotas dquot_6.5.1
Oct 13 14:45:51 kikossyslog kernel: [   14.201718] Dquot-cache hash table entries: 1024 (order 0, 4096 bytes)
Oct 13 14:45:51 kikossyslog kernel: [   14.202290] io scheduler noop registered
Oct 13 14:45:51 kikossyslog kernel: [   14.202351] io scheduler anticipatory registered
Oct 13 14:45:51 kikossyslog kernel: [   14.202403] io scheduler deadline registered (default)
Oct 13 14:45:51 kikossyslog kernel: [   14.202465] io scheduler cfq registered
Oct 13 14:45:51 kikossyslog kernel: [   14.202526] Limiting direct PCI/PCI transfers.
Oct 13 14:45:51 kikossyslog kernel: [   14.204302] isapnp: Scanning for PnP cards...
Oct 13 14:45:51 kikossyslog kernel: [   14.566870] isapnp: No Plug & Play device found
Oct 13 14:45:51 kikossyslog kernel: [   14.678824] Real Time Clock Driver v1.12ac
Oct 13 14:45:51 kikossyslog kernel: [   14.679231] Serial: 8250/16550 driver $Revision: 1.90 $ 4 ports, IRQ sharing enabled
Oct 13 14:45:51 kikossyslog kernel: [   14.679574] serial8250: ttyS0 at I/O 0x3f8 (irq = 4) is a 16550A
Oct 13 14:45:51 kikossyslog kernel: [   14.680026] serial8250: ttyS1 at I/O 0x2f8 (irq = 3) is a 16550A
Oct 13 14:45:51 kikossyslog kernel: [   14.681303] 00:09: ttyS0 at I/O 0x3f8 (irq = 4) is a 16550A
Oct 13 14:45:51 kikossyslog kernel: [   14.681830] 00:0a: ttyS1 at I/O 0x2f8 (irq = 3) is a 16550A
Oct 13 14:45:51 kikossyslog kernel: [   14.684149] RAMDISK driver initialized: 16 RAM disks of 65536K size 1024 blocksize
Oct 13 14:45:51 kikossyslog kernel: [   14.684419] input: Macintosh mouse button emulation as /devices/virtual/input/input0
Oct 13 14:45:51 kikossyslog kernel: [   14.684973] PNP: PS/2 Controller [PNP0303:KBC,PNP0f13:MOUS] at 0x60,0x64 irq 1,12
Oct 13 14:45:51 kikossyslog kernel: [   15.197478] serio: i8042 KBD port at 0x60,0x64 irq 1
Oct 13 14:45:51 kikossyslog kernel: [   15.197653] serio: i8042 AUX port at 0x60,0x64 irq 12
Oct 13 14:45:51 kikossyslog kernel: [   15.217583] mice: PS/2 mouse device common for all mice
Oct 13 14:45:51 kikossyslog kernel: [   15.218963] EISA: Probing bus 0 at eisa.0
Oct 13 14:45:51 kikossyslog kernel: [   15.219207] Cannot allocate resource for EISA slot 1
Oct 13 14:45:51 kikossyslog kernel: [   15.219330] EISA: Detected 0 cards.
Oct 13 14:45:51 kikossyslog kernel: [   15.219452] cpuidle: using governor ladder
Oct 13 14:45:51 kikossyslog kernel: [   15.219574] cpuidle: using governor menu
Oct 13 14:45:51 kikossyslog kernel: [   15.219697] NET: Registered protocol family 1
Oct 13 14:45:51 kikossyslog kernel: [   15.219819] Using IPI No-Shortcut mode
Oct 13 14:45:51 kikossyslog kernel: [   15.219941] registered taskstats version 1
Oct 13 14:45:51 kikossyslog kernel: [   15.220064]   Magic number: 12:955:733
Oct 13 14:45:51 kikossyslog kernel: [   15.220186] BIOS EDD facility v0.16 2004-Jun-25, 6 devices found
Oct 13 14:45:51 kikossyslog kernel: [   15.221496] input: AT Translated Set 2 keyboard as /devices/platform/i8042/serio0/input/input1
Oct 13 14:45:51 kikossyslog kernel: [   15.247124] Freeing unused kernel memory: 384k freed
Oct 13 14:45:51 kikossyslog kernel: [   15.608155] fuse init (API version 7.9)
Oct 13 14:45:51 kikossyslog kernel: [   15.647926] ACPI: Processor [CPU0] (supports 8 throttling states)
Oct 13 14:45:51 kikossyslog kernel: [   15.647991] ACPI Exception (processor_core-0816): AE_NOT_FOUND, Processor Device is not present [20070126]
Oct 13 14:45:51 kikossyslog kernel: [   15.648056] ACPI Exception (processor_core-0816): AE_NOT_FOUND, Processor Device is not present [20070126]
Oct 13 14:45:51 kikossyslog kernel: [   15.648098] ACPI Exception (processor_core-0816): AE_NOT_FOUND, Processor Device is not present [20070126]
Oct 13 14:45:51 kikossyslog kernel: [   16.055533] SCSI subsystem initialized
Oct 13 14:45:51 kikossyslog kernel: [   16.155399] scsi0 : ata_piix
Oct 13 14:45:51 kikossyslog kernel: [   16.165258] scsi1 : ata_piix
Oct 13 14:45:51 kikossyslog kernel: [   16.165991] ata1: PATA max UDMA/33 cmd 0x1f0 ctl 0x3f6 bmdma 0x1050 irq 14
Oct 13 14:45:51 kikossyslog kernel: [   16.166035] ata2: PATA max UDMA/33 cmd 0x170 ctl 0x376 bmdma 0x1058 irq 15
Oct 13 14:45:51 kikossyslog kernel: [   16.265047] Fusion MPT base driver 3.04.06
Oct 13 14:45:51 kikossyslog kernel: [   16.265070] Copyright (c) 1999-2007 LSI Corporation
Oct 13 14:45:51 kikossyslog kernel: [   16.284949] Fusion MPT SPI Host driver 3.04.06
Oct 13 14:45:51 kikossyslog kernel: [   16.297125] pcnet32.c:v1.34 14.Aug.2007 tsbogend@alpha.franken.de
Oct 13 14:45:51 kikossyslog kernel: [   16.417814] Floppy drive(s): fd0 is 1.44M
Oct 13 14:45:51 kikossyslog kernel: [   16.435481] FDC 0 is a post-1991 82077
Oct 13 14:45:51 kikossyslog kernel: [   16.486226] ata2.00: ATAPI: VMware Virtual IDE CDROM Drive, 00000001, max UDMA/33
Oct 13 14:45:51 kikossyslog kernel: [   16.644904] ata2.00: configured for UDMA/33
Oct 13 14:45:51 kikossyslog kernel: [   16.656243] scsi 1:0:0:0: CD-ROM            HL-DT-ST DVDRAM GSA-4163B A103 PQ: 0 ANSI: 5
Oct 13 14:45:51 kikossyslog kernel: [   16.657187] ACPI: PCI Interrupt 0000:00:10.0[A] -> GSI 17 (level, low) -> IRQ 16
Oct 13 14:45:51 kikossyslog kernel: [   16.657364] mptbase: ioc0: Initiating bringup
Oct 13 14:45:51 kikossyslog kernel: [   16.833961] ioc0: LSI53C1030 B0: Capabilities={Initiator}
Oct 13 14:45:51 kikossyslog kernel: [   17.169269] scsi2 : ioc0: LSI53C1030 B0, FwRev=00000000h, Ports=1, MaxQ=128, IRQ=16
Oct 13 14:45:51 kikossyslog kernel: [   17.257443] Driver 'sr' needs updating - please use bus_type methods
Oct 13 14:45:51 kikossyslog kernel: [   17.276663] sr0: scsi3-mmc drive: 40x/40x writer dvd-ram cd/rw xa/form2 cdda tray
Oct 13 14:45:51 kikossyslog kernel: [   17.276863] Uniform CD-ROM driver Revision: 3.20
Oct 13 14:45:51 kikossyslog kernel: [   17.294541] sr 1:0:0:0: Attached scsi generic sg0 type 5
Oct 13 14:45:51 kikossyslog kernel: [   17.453206] scsi 2:0:0:0: Direct-Access     VMware,  VMware Virtual S 1.0  PQ: 0 ANSI: 2
Oct 13 14:45:51 kikossyslog kernel: [   17.453406]  target2:0:0: Beginning Domain Validation
Oct 13 14:45:51 kikossyslog kernel: [   17.453606]  target2:0:0: Domain Validation skipping write tests
Oct 13 14:45:51 kikossyslog kernel: [   17.453659]  target2:0:0: Ending Domain Validation
Oct 13 14:45:51 kikossyslog kernel: [   17.453859]  target2:0:0: FAST-40 WIDE SCSI 80.0 MB/s ST (25 ns, offset 127)
Oct 13 14:45:51 kikossyslog kernel: [   17.454059] scsi 2:0:0:0: Attached scsi generic sg1 type 0
Oct 13 14:45:51 kikossyslog kernel: [   17.454424] ACPI: PCI Interrupt 0000:00:11.0[A] -> GSI 18 (level, low) -> IRQ 17
Oct 13 14:45:51 kikossyslog kernel: [   17.454624] pcnet32: PCnet/PCI II 79C970A at 0x1400, 00 0c 29 7c 60 56 assigned IRQ 17.
Oct 13 14:45:51 kikossyslog kernel: [   17.454824] eth0: registered as PCnet/PCI II 79C970A
Oct 13 14:45:51 kikossyslog kernel: [   17.455024] pcnet32: 1 cards_found.
Oct 13 14:45:51 kikossyslog kernel: [   17.497548] Driver 'sd' needs updating - please use bus_type methods
Oct 13 14:45:51 kikossyslog kernel: [   17.497748] sd 2:0:0:0: [sda] 62914560 512-byte hardware sectors (32212 MB)
Oct 13 14:45:51 kikossyslog kernel: [   17.497948] sd 2:0:0:0: [sda] Write Protect is off
Oct 13 14:45:51 kikossyslog kernel: [   17.498237] sd 2:0:0:0: [sda] Cache data unavailable
Oct 13 14:45:51 kikossyslog kernel: [   17.498510] sd 2:0:0:0: [sda] 62914560 512-byte hardware sectors (32212 MB)
Oct 13 14:45:51 kikossyslog kernel: [   17.498710] sd 2:0:0:0: [sda] Write Protect is off
Oct 13 14:45:51 kikossyslog kernel: [   17.498826] sd 2:0:0:0: [sda] Cache data unavailable
Oct 13 14:45:51 kikossyslog kernel: [   17.499030]  sda: sda1 sda2 < sda5 >
Oct 13 14:45:51 kikossyslog kernel: [   17.512747] sd 2:0:0:0: [sda] Attached SCSI disk
Oct 13 14:45:51 kikossyslog kernel: [   21.616747] Attempting manual resume
Oct 13 14:45:51 kikossyslog kernel: [   21.649547] EXT3-fs: INFO: recovery required on readonly filesystem.
Oct 13 14:45:51 kikossyslog kernel: [   21.649598] EXT3-fs: write access will be enabled during recovery.
Oct 13 14:45:51 kikossyslog kernel: [   63.624848] kjournald starting.  Commit interval 5 seconds
Oct 13 14:45:51 kikossyslog kernel: [   63.625741] EXT3-fs: recovery complete.
Oct 13 14:45:51 kikossyslog kernel: [   63.633467] EXT3-fs: mounted filesystem with ordered data mode.
Oct 13 14:45:51 kikossyslog kernel: [   74.330226] pci_hotplug: PCI Hot Plug PCI Core version: 0.5
Oct 13 14:45:51 kikossyslog kernel: [   74.409793] shpchp: Standard Hot Plug PCI Controller Driver version: 0.4
Oct 13 14:45:51 kikossyslog kernel: [   74.630836] Linux agpgart interface v0.102
Oct 13 14:45:51 kikossyslog kernel: [   74.920234] agpgart: Detected an Intel 440BX Chipset.
Oct 13 14:45:51 kikossyslog kernel: [   74.929299] agpgart: AGP aperture is 64M @ 0xe8000000
Oct 13 14:45:51 kikossyslog kernel: [   75.228295] input: PC Speaker as /devices/platform/pcspkr/input/input2
Oct 13 14:45:51 kikossyslog kernel: [   75.319186] piix4_smbus 0000:00:07.3: Found 0000:00:07.3 device
Oct 13 14:45:51 kikossyslog kernel: [   77.844011] eth0: link up
Oct 13 14:45:51 kikossyslog kernel: [   79.728505] ACPI: AC Adapter [ACAD] (on-line)
Oct 13 14:45:51 kikossyslog kernel: [   79.830830] input: Power Button (FF) as /devices/virtual/input/input3
Oct 13 14:45:51 kikossyslog kernel: [   79.857456] ACPI: Power Button (FF) [PWRF]
Oct 13 14:45:51 kikossyslog kernel: [   80.776532] input: ImPS/2 Generic Wheel Mouse as /devices/platform/i8042/serio1/input/input4
Oct 13 14:45:51 kikossyslog kernel: [   81.912681] parport_pc 00:08: reported by Plug and Play ACPI
Oct 13 14:45:51 kikossyslog kernel: [   81.914070] parport0: PC-style at 0x378, irq 7 [PCSPP,TRISTATE]
Oct 13 14:45:51 kikossyslog kernel: [   85.761885] NET: Registered protocol family 10
Oct 13 14:45:51 kikossyslog kernel: [   85.766017] lo: Disabled Privacy Extensions
Oct 13 14:45:51 kikossyslog kernel: [   88.350709] loop: module loaded
Oct 13 14:45:51 kikossyslog kernel: [   88.445020] lp0: using parport0 (interrupt-driven).
Oct 13 14:45:51 kikossyslog kernel: [   88.860454] Adding 746980k swap on /dev/sda5.  Priority:-1 extents:1 across:746980k
Oct 13 14:45:51 kikossyslog kernel: [   89.279120] EXT3 FS on sda1, internal journal
Oct 13 14:45:51 kikossyslog kernel: [   90.765051] ip_tables: (C) 2000-2006 Netfilter Core Team
Oct 13 14:55:49 kikossyslog kernel: [  689.453796] ip6_tables: (C) 2000-2006 Netfilter Core Team
Oct 13 14:55:49 kikossyslog kernel: Kernel logging (proc) stopped.
Oct 13 14:55:49 kikossyslog kernel: Kernel log daemon terminating.
Oct 13 14:55:50 kikossyslog rsyslogd: [origin software="rsyslogd" swVersion="1.19.12" x-pid="3919"] exiting on signal 15.
Oct 13 14:56:57 kikossyslog rsyslogd: [origin software="rsyslogd" swVersion="1.19.12" x-pid="3955"][x-configInfo udpReception="No" udpPort="514" tcpReception="No" tcpPort="0"] restart
Oct 13 14:56:57 kikossyslog kernel: rklogd 1.19.12, log source = /proc/kmsg started.
Oct 13 14:56:57 kikossyslog kernel: [    0.000000] Initializing cgroup subsys cpuset
Oct 13 14:56:57 kikossyslog kernel: [    0.000000] Initializing cgroup subsys cpu
Oct 13 14:56:57 kikossyslog kernel: [    0.000000] Linux version 2.6.24-19-server (buildd@terranova) (gcc version 4.2.3 (Ubuntu 4.2.3-2ubuntu7)) #1 SMP Wed Aug 20 23:54:28 UTC 2008 (Ubuntu 2.6.24-19.41-server)
Oct 13 14:56:57 kikossyslog kernel: [    0.000000] BIOS-provided physical RAM map:
Oct 13 14:56:57 kikossyslog kernel: [    0.000000]  BIOS-e820: 0000000000000000 - 000000000009f800 (usable)
Oct 13 14:56:57 kikossyslog kernel: [    0.000000]  BIOS-e820: 000000000009f800 - 00000000000a0000 (reserved)
Oct 13 14:56:57 kikossyslog kernel: [    0.000000]  BIOS-e820: 00000000000ca000 - 00000000000cc000 (reserved)
Oct 13 14:56:57 kikossyslog kernel: [    0.000000]  BIOS-e820: 00000000000dc000 - 0000000000100000 (reserved)
Oct 13 14:56:57 kikossyslog kernel: [    0.000000]  BIOS-e820: 0000000000100000 - 000000000fef0000 (usable)
Oct 13 14:56:57 kikossyslog kernel: [    0.000000]  BIOS-e820: 000000000fef0000 - 000000000feff000 (ACPI data)
Oct 13 14:56:57 kikossyslog kernel: [    0.000000]  BIOS-e820: 000000000feff000 - 000000000ff00000 (ACPI NVS)
Oct 13 14:56:57 kikossyslog kernel: [    0.000000]  BIOS-e820: 000000000ff00000 - 0000000010000000 (usable)
Oct 13 14:56:57 kikossyslog kernel: [    0.000000]  BIOS-e820: 00000000fec00000 - 00000000fec10000 (reserved)
Oct 13 14:56:57 kikossyslog kernel: [    0.000000]  BIOS-e820: 00000000fee00000 - 00000000fee01000 (reserved)
Oct 13 14:56:57 kikossyslog kernel: [    0.000000]  BIOS-e820: 00000000fffe0000 - 0000000100000000 (reserved)
Oct 13 14:56:57 kikossyslog kernel: [    0.000000] 0MB HIGHMEM available.
Oct 13 14:56:57 kikossyslog kernel: [    0.000000] 256MB LOWMEM available.
Oct 13 14:56:57 kikossyslog kernel: [    0.000000] found SMP MP-table at 000f6ce0
Oct 13 14:56:57 kikossyslog kernel: [    0.000000] NX (Execute Disable) protection: active
Oct 13 14:56:57 kikossyslog kernel: [    0.000000] Zone PFN ranges:
Oct 13 14:56:57 kikossyslog kernel: [    0.000000]   DMA             0 ->     4096
Oct 13 14:56:57 kikossyslog kernel: [    0.000000]   Normal       4096 ->    65536
Oct 13 14:56:57 kikossyslog kernel: [    0.000000]   HighMem     65536 ->    65536
Oct 13 14:56:57 kikossyslog kernel: [    0.000000] Movable zone start PFN for each node
Oct 13 14:56:57 kikossyslog kernel: [    0.000000] early_node_map[1] active PFN ranges
Oct 13 14:56:57 kikossyslog kernel: [    0.000000]     0:        0 ->    65536
Oct 13 14:56:57 kikossyslog kernel: [    0.000000] DMI present.
Oct 13 14:56:57 kikossyslog kernel: [    0.000000] ACPI: RSDP signature @ 0xC00F6C70 checksum 0
Oct 13 14:56:57 kikossyslog kernel: [    0.000000] ACPI: RSDP 000F6C70, 0014 (r0 PTLTD )
Oct 13 14:56:57 kikossyslog kernel: [    0.000000] ACPI: RSDT 0FEFAB74, 0030 (r1 PTLTD    RSDT    6040000  LTP        0)
Oct 13 14:56:57 kikossyslog kernel: [    0.000000] ACPI: FACP 0FEFEF14, 0074 (r1 INTEL  440BX     6040000 PTL     F4240)
Oct 13 14:56:57 kikossyslog kernel: [    0.000000] ACPI: DSDT 0FEFABA4, 4370 (r1 PTLTD  Custom    6040000 MSFT  100000D)
Oct 13 14:56:57 kikossyslog kernel: [    0.000000] ACPI: FACS 0FEFFFC0, 0040
Oct 13 14:56:57 kikossyslog kernel: [    0.000000] ACPI: APIC 0FEFEF88, 0050 (r1 PTLTD  #011 APIC    6040000  LTP        0)
Oct 13 14:56:57 kikossyslog kernel: [    0.000000] ACPI: BOOT 0FEFEFD8, 0028 (r1 PTLTD  $SBFTBL$  6040000  LTP        1)
Oct 13 14:56:57 kikossyslog kernel: [    0.000000] ACPI: PM-Timer IO Port: 0x1008
Oct 13 14:56:57 kikossyslog kernel: [    0.000000] ACPI: LAPIC (acpi_id[0x00] lapic_id[0x00] enabled)
Oct 13 14:56:57 kikossyslog kernel: [    0.000000] Processor #0 15:4 APIC version 17
Oct 13 14:56:57 kikossyslog kernel: [    0.000000] ACPI: LAPIC_NMI (acpi_id[0x00] high edge lint[0x1])
Oct 13 14:56:57 kikossyslog kernel: [    0.000000] ACPI: IOAPIC (id[0x01] address[0xfec00000] gsi_base[0])
Oct 13 14:56:57 kikossyslog kernel: [    0.000000] IOAPIC[0]: apic_id 1, version 17, address 0xfec00000, GSI 0-23
Oct 13 14:56:57 kikossyslog kernel: [    0.000000] ACPI: INT_SRC_OVR (bus 0 bus_irq 0 global_irq 2 high edge)
Oct 13 14:56:57 kikossyslog kernel: [    0.000000] Enabling APIC mode:  Flat.  Using 1 I/O APICs
Oct 13 14:56:57 kikossyslog kernel: [    0.000000] Using ACPI (MADT) for SMP configuration information
Oct 13 14:56:57 kikossyslog kernel: [    0.000000] Allocating PCI resources starting at 20000000 (gap: 10000000:eec00000)
Oct 13 14:56:57 kikossyslog kernel: [    0.000000] swsusp: Registered nosave memory region: 000000000009f000 - 00000000000a0000
Oct 13 14:56:57 kikossyslog kernel: [    0.000000] swsusp: Registered nosave memory region: 00000000000a0000 - 00000000000ca000
Oct 13 14:56:57 kikossyslog kernel: [    0.000000] swsusp: Registered nosave memory region: 00000000000ca000 - 00000000000cc000
Oct 13 14:56:57 kikossyslog kernel: [    0.000000] swsusp: Registered nosave memory region: 00000000000cc000 - 00000000000dc000
Oct 13 14:56:57 kikossyslog kernel: [    0.000000] swsusp: Registered nosave memory region: 00000000000dc000 - 0000000000100000
Oct 13 14:56:57 kikossyslog kernel: [    0.000000] swsusp: Registered nosave memory region: 000000000fef0000 - 000000000feff000
Oct 13 14:56:57 kikossyslog kernel: [    0.000000] swsusp: Registered nosave memory region: 000000000feff000 - 000000000ff00000
Oct 13 14:56:57 kikossyslog kernel: [    0.000000] Built 1 zonelists in Zone order, mobility grouping on.  Total pages: 65024
Oct 13 14:56:57 kikossyslog kernel: [    0.000000] Kernel command line: root=UUID=1b1b55f2-ff82-444c-ab98-ae1f8c82bca0 ro quiet splash
Oct 13 14:56:57 kikossyslog kernel: [    0.000000] Enabling fast FPU save and restore... done.
Oct 13 14:56:57 kikossyslog kernel: [    0.000000] Enabling unmasked SIMD FPU exception support... done.
Oct 13 14:56:57 kikossyslog kernel: [    0.000000] Initializing CPU#0
Oct 13 14:56:57 kikossyslog kernel: [    0.000000] PID hash table entries: 1024 (order: 10, 4096 bytes)
Oct 13 14:56:57 kikossyslog kernel: [    0.000000] Detected 2789.677 MHz processor.
Oct 13 14:56:57 kikossyslog kernel: [  710.701608] Console: colour VGA+ 80x25
Oct 13 14:56:57 kikossyslog kernel: [  710.702228] console [tty0] enabled
Oct 13 14:56:57 kikossyslog kernel: [  710.703087] Dentry cache hash table entries: 32768 (order: 5, 131072 bytes)
Oct 13 14:56:57 kikossyslog kernel: [  710.703327] Inode-cache hash table entries: 16384 (order: 4, 65536 bytes)
Oct 13 14:56:57 kikossyslog kernel: [  710.704186] Memory: 247792k/262144k available (2256k kernel code, 13732k reserved, 1031k data, 384k init, 0k highmem)
Oct 13 14:56:57 kikossyslog kernel: [  710.704773] virtual kernel memory layout:
Oct 13 14:56:57 kikossyslog kernel: [  710.704852]     fixmap  : 0xfff4c000 - 0xfffff000   ( 716 kB)
Oct 13 14:56:57 kikossyslog kernel: [  710.704931]     pkmap   : 0xffc00000 - 0xffe00000   (2048 kB)
Oct 13 14:56:57 kikossyslog kernel: [  710.704956]     vmalloc : 0xd0800000 - 0xffbfe000   ( 755 MB)
Oct 13 14:56:57 kikossyslog kernel: [  710.704981]     lowmem  : 0xc0000000 - 0xd0000000   ( 256 MB)
Oct 13 14:56:57 kikossyslog kernel: [  710.705003]       .init : 0xc043c000 - 0xc049c000   ( 384 kB)
Oct 13 14:56:57 kikossyslog kernel: [  710.705041]       .data : 0xc0334285 - 0xc0435fe4   (1031 kB)
Oct 13 14:56:57 kikossyslog kernel: [  710.705113]       .text : 0xc0100000 - 0xc0334285   (2256 kB)
Oct 13 14:56:57 kikossyslog kernel: [  710.705619] Checking if this processor honours the WP bit even in supervisor mode... Ok.
Oct 13 14:56:57 kikossyslog kernel: [  710.706478] SLUB: Genslabs=11, HWalign=64, Order=0-1, MinObjects=4, CPUs=1, Nodes=1
Oct 13 14:56:57 kikossyslog kernel: [  710.857962] Calibrating delay using timer specific routine.. 5604.82 BogoMIPS (lpj=28024129)
Oct 13 14:56:57 kikossyslog kernel: [  710.858118] Security Framework initialized
Oct 13 14:56:57 kikossyslog kernel: [  710.858274] SELinux:  Disabled at boot.
Oct 13 14:56:57 kikossyslog kernel: [  710.858431] AppArmor: AppArmor initialized
Oct 13 14:56:57 kikossyslog kernel: [  710.858587] Failure registering capabilities with primary security module.
Oct 13 14:56:57 kikossyslog kernel: [  710.858744] Mount-cache hash table entries: 512
Oct 13 14:56:57 kikossyslog kernel: [  710.858900] Initializing cgroup subsys ns
Oct 13 14:56:57 kikossyslog kernel: [  710.859057] Initializing cgroup subsys cpuacct
Oct 13 14:56:57 kikossyslog kernel: [  710.859369] CPU: Trace cache: 12K uops, L1 D cache: 16K
Oct 13 14:56:57 kikossyslog kernel: [  710.859457] CPU: L2 cache: 1024K
Oct 13 14:56:57 kikossyslog kernel: [  710.859770] Compat vDSO mapped to ffffe000.
Oct 13 14:56:57 kikossyslog kernel: [  710.859926] Checking 'hlt' instruction... OK.
Oct 13 14:56:57 kikossyslog kernel: [  710.897864] SMP alternatives: switching to UP code
Oct 13 14:56:57 kikossyslog kernel: [  710.898021] Freeing SMP alternatives: 12k freed
Oct 13 14:56:57 kikossyslog kernel: [  710.898177] Early unpacking initramfs... done
Oct 13 14:56:57 kikossyslog kernel: [  710.898334] ACPI: Core revision 20070126
Oct 13 14:56:57 kikossyslog kernel: [  710.898490] ACPI: Looking for DSDT in initramfs... error, file /DSDT.aml not found.
Oct 13 14:56:57 kikossyslog kernel: [  710.908655] CPU0: Intel(R) Pentium(R) 4 CPU 2.80GHz stepping 08
Oct 13 14:56:57 kikossyslog kernel: [  710.908967] Total of 1 processors activated (5604.82 BogoMIPS).
Oct 13 14:56:57 kikossyslog kernel: [  710.909124] ENABLING IO-APIC IRQs
Oct 13 14:56:57 kikossyslog kernel: [  710.909537] ..TIMER: vector=0x31 apic1=0 pin1=2 apic2=-1 pin2=-1
Oct 13 14:56:57 kikossyslog kernel: [  711.141755] Brought up 1 CPUs
Oct 13 14:56:57 kikossyslog kernel: [  711.192676] net_namespace: 64 bytes
Oct 13 14:56:57 kikossyslog kernel: [  711.193112] Booting paravirtualized kernel on bare hardware
Oct 13 14:56:57 kikossyslog kernel: [  711.203030] Time: 12:56:23  Date: 10/13/08
Oct 13 14:56:57 kikossyslog kernel: [  711.212235] NET: Registered protocol family 16
Oct 13 14:56:57 kikossyslog kernel: [  711.223548] EISA bus registered
Oct 13 14:56:57 kikossyslog kernel: [  711.230938] ACPI: bus type pci registered
Oct 13 14:56:57 kikossyslog kernel: [  711.235533] PCI: PCI BIOS revision 2.10 entry at 0xfd9a0, last bus=1
Oct 13 14:56:57 kikossyslog kernel: [  711.235618] PCI: Using configuration type 1
Oct 13 14:56:57 kikossyslog kernel: [  711.235801] Setting up standard PCI resources
Oct 13 14:56:57 kikossyslog kernel: [  711.436263] ACPI: Interpreter enabled
Oct 13 14:56:57 kikossyslog kernel: [  711.436349] ACPI: (supports S0 S1 S5)
Oct 13 14:56:57 kikossyslog kernel: [  711.443256] ACPI: Using IOAPIC for interrupt routing
Oct 13 14:56:57 kikossyslog kernel: [  711.617013] ACPI: PCI Root Bridge [PCI0] (0000:00)
Oct 13 14:56:57 kikossyslog kernel: [  711.646995] PCI quirk: region 1000-103f claimed by PIIX4 ACPI
Oct 13 14:56:57 kikossyslog kernel: [  711.647129] PCI quirk: region 1040-104f claimed by PIIX4 SMB
Oct 13 14:56:57 kikossyslog kernel: [  711.696880] ACPI: PCI Interrupt Link [LNKA] (IRQs 3 4 5 6 7 9 10 11 14 15) *0, disabled.
Oct 13 14:56:57 kikossyslog kernel: [  711.697415] ACPI: PCI Interrupt Link [LNKB] (IRQs 3 4 5 6 7 *9 10 11 14 15)
Oct 13 14:56:57 kikossyslog kernel: [  711.697661] ACPI: PCI Interrupt Link [LNKC] (IRQs 3 4 5 6 7 9 10 *11 14 15)
Oct 13 14:56:57 kikossyslog kernel: [  711.697894] ACPI: PCI Interrupt Link [LNKD] (IRQs 3 4 5 6 7 9 10 11 14 15) *0, disabled.
Oct 13 14:56:57 kikossyslog kernel: [  711.705685] Linux Plug and Play Support v0.97 (c) Adam Belay
Oct 13 14:56:57 kikossyslog kernel: [  711.705885] pnp: PnP ACPI init
Oct 13 14:56:57 kikossyslog kernel: [  711.706011] ACPI: bus type pnp registered
Oct 13 14:56:57 kikossyslog kernel: [  711.985718] pnp: PnP ACPI: found 12 devices
Oct 13 14:56:57 kikossyslog kernel: [  711.988082] ACPI: ACPI bus type pnp unregistered
Oct 13 14:56:57 kikossyslog kernel: [  711.988202] PnPBIOS: Disabled by ACPI PNP
Oct 13 14:56:57 kikossyslog kernel: [  711.990137] PCI: Using ACPI for IRQ routing
Oct 13 14:56:57 kikossyslog kernel: [  711.990258] PCI: If a device doesn't work, try "pci=routeirq".  If it helps, post a report
Oct 13 14:56:57 kikossyslog kernel: [  712.131156] NET: Registered protocol family 8
Oct 13 14:56:57 kikossyslog kernel: [  712.131199] NET: Registered protocol family 20
Oct 13 14:56:57 kikossyslog kernel: [  712.131500] NetLabel: Initializing
Oct 13 14:56:57 kikossyslog kernel: [  712.131534] NetLabel:  domain hash size = 128
Oct 13 14:56:57 kikossyslog kernel: [  712.134881] NetLabel:  protocols = UNLABELED CIPSOv4
Oct 13 14:56:57 kikossyslog kernel: [  712.139570] NetLabel:  unlabeled traffic allowed by default
Oct 13 14:56:57 kikossyslog kernel: [  712.144956] AppArmor: AppArmor Filesystem Enabled
Oct 13 14:56:57 kikossyslog kernel: [  712.151050] Time: tsc clocksource has been installed.
Oct 13 14:56:57 kikossyslog kernel: [  712.181119] system 00:01: ioport range 0x1000-0x103f has been reserved
Oct 13 14:56:57 kikossyslog kernel: [  712.181171] system 00:01: ioport range 0x1040-0x104f has been reserved
Oct 13 14:56:57 kikossyslog kernel: [  712.226066] PCI: Bridge: 0000:00:01.0
Oct 13 14:56:57 kikossyslog kernel: [  712.226140]   IO window: disabled.
Oct 13 14:56:57 kikossyslog kernel: [  712.226296]   MEM window: disabled.
Oct 13 14:56:57 kikossyslog kernel: [  712.226452]   PREFETCH window: disabled.
Oct 13 14:56:57 kikossyslog kernel: [  712.226765] NET: Registered protocol family 2
Oct 13 14:56:57 kikossyslog kernel: [  712.321378] IP route cache hash table entries: 2048 (order: 1, 8192 bytes)
Oct 13 14:56:57 kikossyslog kernel: [  712.325220] TCP established hash table entries: 8192 (order: 4, 65536 bytes)
Oct 13 14:56:57 kikossyslog kernel: [  712.325376] TCP bind hash table entries: 8192 (order: 4, 65536 bytes)
Oct 13 14:56:57 kikossyslog kernel: [  712.325533] TCP: Hash tables configured (established 8192 bind 8192)
Oct 13 14:56:57 kikossyslog kernel: [  712.325689] TCP reno registered
Oct 13 14:56:57 kikossyslog kernel: [  712.351655] checking if image is initramfs... it is
Oct 13 14:56:57 kikossyslog kernel: [  713.030864] Freeing initrd memory: 7188k freed
Oct 13 14:56:57 kikossyslog kernel: [  713.031195] Simple Boot Flag at 0x36 set to 0x1
Oct 13 14:56:57 kikossyslog kernel: [  713.032727] audit: initializing netlink socket (disabled)
Oct 13 14:56:57 kikossyslog kernel: [  713.032782] audit(1223902570.150:1): initialized
Oct 13 14:56:57 kikossyslog kernel: [  713.033349] Total HugeTLB memory allocated, 0
Oct 13 14:56:57 kikossyslog kernel: [  713.051572] VFS: Disk quotas dquot_6.5.1
Oct 13 14:56:57 kikossyslog kernel: [  713.052074] Dquot-cache hash table entries: 1024 (order 0, 4096 bytes)
Oct 13 14:56:57 kikossyslog kernel: [  713.053200] io scheduler noop registered
Oct 13 14:56:57 kikossyslog kernel: [  713.053254] io scheduler anticipatory registered
Oct 13 14:56:57 kikossyslog kernel: [  713.053309] io scheduler deadline registered (default)
Oct 13 14:56:57 kikossyslog kernel: [  713.053364] io scheduler cfq registered
Oct 13 14:56:57 kikossyslog kernel: [  713.053419] Limiting direct PCI/PCI transfers.
Oct 13 14:56:57 kikossyslog kernel: [  713.055494] isapnp: Scanning for PnP cards...
Oct 13 14:56:57 kikossyslog kernel: [  713.417102] isapnp: No Plug & Play device found
Oct 13 14:56:57 kikossyslog kernel: [  713.531268] Real Time Clock Driver v1.12ac
Oct 13 14:56:57 kikossyslog kernel: [  713.531647] Serial: 8250/16550 driver $Revision: 1.90 $ 4 ports, IRQ sharing enabled
Oct 13 14:56:57 kikossyslog kernel: [  713.531874] serial8250: ttyS0 at I/O 0x3f8 (irq = 4) is a 16550A
Oct 13 14:56:57 kikossyslog kernel: [  713.532120] serial8250: ttyS1 at I/O 0x2f8 (irq = 3) is a 16550A
Oct 13 14:56:57 kikossyslog kernel: [  713.533223] 00:09: ttyS0 at I/O 0x3f8 (irq = 4) is a 16550A
Oct 13 14:56:57 kikossyslog kernel: [  713.533753] 00:0a: ttyS1 at I/O 0x2f8 (irq = 3) is a 16550A
Oct 13 14:56:57 kikossyslog kernel: [  713.536645] RAMDISK driver initialized: 16 RAM disks of 65536K size 1024 blocksize
Oct 13 14:56:57 kikossyslog kernel: [  713.536893] input: Macintosh mouse button emulation as /devices/virtual/input/input0
Oct 13 14:56:57 kikossyslog kernel: [  713.537335] PNP: PS/2 Controller [PNP0303:KBC,PNP0f13:MOUS] at 0x60,0x64 irq 1,12
Oct 13 14:56:57 kikossyslog kernel: [  714.048836] serio: i8042 KBD port at 0x60,0x64 irq 1
Oct 13 14:56:57 kikossyslog kernel: [  714.049072] serio: i8042 AUX port at 0x60,0x64 irq 12
Oct 13 14:56:57 kikossyslog kernel: [  714.071480] mice: PS/2 mouse device common for all mice
Oct 13 14:56:57 kikossyslog kernel: [  714.073178] EISA: Probing bus 0 at eisa.0
Oct 13 14:56:57 kikossyslog kernel: [  714.073435] Cannot allocate resource for EISA slot 1
Oct 13 14:56:57 kikossyslog kernel: [  714.073564] EISA: Detected 0 cards.
Oct 13 14:56:57 kikossyslog kernel: [  714.073693] cpuidle: using governor ladder
Oct 13 14:56:57 kikossyslog kernel: [  714.073822] cpuidle: using governor menu
Oct 13 14:56:57 kikossyslog kernel: [  714.073950] NET: Registered protocol family 1
Oct 13 14:56:57 kikossyslog kernel: [  714.074079] Using IPI No-Shortcut mode
Oct 13 14:56:57 kikossyslog kernel: [  714.074208] registered taskstats version 1
Oct 13 14:56:57 kikossyslog kernel: [  714.074337]   Magic number: 12:164:936
Oct 13 14:56:57 kikossyslog kernel: [  714.074465] BIOS EDD facility v0.16 2004-Jun-25, 6 devices found
Oct 13 14:56:57 kikossyslog kernel: [  714.075908] input: AT Translated Set 2 keyboard as /devices/platform/i8042/serio0/input/input1
Oct 13 14:56:57 kikossyslog kernel: [  714.090728] Freeing unused kernel memory: 384k freed
Oct 13 14:56:57 kikossyslog kernel: [  714.412089] fuse init (API version 7.9)
Oct 13 14:56:57 kikossyslog kernel: [  714.441882] ACPI: Processor [CPU0] (supports 8 throttling states)
Oct 13 14:56:57 kikossyslog kernel: [  714.441951] ACPI Exception (processor_core-0816): AE_NOT_FOUND, Processor Device is not present [20070126]
Oct 13 14:56:57 kikossyslog kernel: [  714.442020] ACPI Exception (processor_core-0816): AE_NOT_FOUND, Processor Device is not present [20070126]
Oct 13 14:56:57 kikossyslog kernel: [  714.442089] ACPI Exception (processor_core-0816): AE_NOT_FOUND, Processor Device is not present [20070126]
Oct 13 14:56:57 kikossyslog kernel: [  714.970874] SCSI subsystem initialized
Oct 13 14:56:57 kikossyslog kernel: [  715.070726] pcnet32.c:v1.34 14.Aug.2007 tsbogend@alpha.franken.de
Oct 13 14:56:57 kikossyslog kernel: [  715.070948] ACPI: PCI Interrupt 0000:00:11.0[A] -> GSI 18 (level, low) -> IRQ 16
Oct 13 14:56:57 kikossyslog kernel: [  715.071169] pcnet32: PCnet/PCI II 79C970A at 0x1400, 00 0c 29 7c 60 56 assigned IRQ 16.
Oct 13 14:56:57 kikossyslog kernel: [  715.071391] eth0: registered as PCnet/PCI II 79C970A
Oct 13 14:56:57 kikossyslog kernel: [  715.071613] pcnet32: 1 cards_found.
Oct 13 14:56:57 kikossyslog kernel: [  715.082794] Fusion MPT base driver 3.04.06
Oct 13 14:56:57 kikossyslog kernel: [  715.082839] Copyright (c) 1999-2007 LSI Corporation
Oct 13 14:56:57 kikossyslog kernel: [  715.100748] scsi0 : ata_piix
Oct 13 14:56:57 kikossyslog kernel: [  715.104133] scsi1 : ata_piix
Oct 13 14:56:57 kikossyslog kernel: [  715.104304] ata1: PATA max UDMA/33 cmd 0x1f0 ctl 0x3f6 bmdma 0x1050 irq 14
Oct 13 14:56:57 kikossyslog kernel: [  715.104370] ata2: PATA max UDMA/33 cmd 0x170 ctl 0x376 bmdma 0x1058 irq 15
Oct 13 14:56:57 kikossyslog kernel: [  715.112091] Fusion MPT SPI Host driver 3.04.06
Oct 13 14:56:57 kikossyslog kernel: [  715.212509] Floppy drive(s): fd0 is 1.44M
Oct 13 14:56:57 kikossyslog kernel: [  715.231501] FDC 0 is a post-1991 82077
Oct 13 14:56:57 kikossyslog kernel: [  715.422353] ata2.00: ATAPI: VMware Virtual IDE CDROM Drive, 00000001, max UDMA/33
Oct 13 14:56:57 kikossyslog kernel: [  715.580868] ata2.00: configured for UDMA/33
Oct 13 14:56:57 kikossyslog kernel: [  715.593699] scsi 1:0:0:0: CD-ROM            HL-DT-ST DVDRAM GSA-4163B A103 PQ: 0 ANSI: 5
Oct 13 14:56:57 kikossyslog kernel: [  715.595046] ACPI: PCI Interrupt 0000:00:10.0[A] -> GSI 17 (level, low) -> IRQ 17
Oct 13 14:56:57 kikossyslog kernel: [  715.595328] mptbase: ioc0: Initiating bringup
Oct 13 14:56:57 kikossyslog kernel: [  715.771116] ioc0: LSI53C1030 B0: Capabilities={Initiator}
Oct 13 14:56:57 kikossyslog kernel: [  716.093200] scsi2 : ioc0: LSI53C1030 B0, FwRev=00000000h, Ports=1, MaxQ=128, IRQ=17
Oct 13 14:56:57 kikossyslog kernel: [  716.196416] Driver 'sr' needs updating - please use bus_type methods
Oct 13 14:56:57 kikossyslog kernel: [  716.207554] sr0: scsi3-mmc drive: 40x/40x writer dvd-ram cd/rw xa/form2 cdda tray
Oct 13 14:56:57 kikossyslog kernel: [  716.207828] Uniform CD-ROM driver Revision: 3.20
Oct 13 14:56:57 kikossyslog kernel: [  716.225363] sr 1:0:0:0: Attached scsi generic sg0 type 5
Oct 13 14:56:57 kikossyslog kernel: [  716.371420] scsi 2:0:0:0: Direct-Access     VMware,  VMware Virtual S 1.0  PQ: 0 ANSI: 2
Oct 13 14:56:57 kikossyslog kernel: [  716.371695]  target2:0:0: Beginning Domain Validation
Oct 13 14:56:57 kikossyslog kernel: [  716.371969]  target2:0:0: Domain Validation skipping write tests
Oct 13 14:56:57 kikossyslog kernel: [  716.372054]  target2:0:0: Ending Domain Validation
Oct 13 14:56:57 kikossyslog kernel: [  716.372328]  target2:0:0: FAST-40 WIDE SCSI 80.0 MB/s ST (25 ns, offset 127)
Oct 13 14:56:57 kikossyslog kernel: [  716.372603] scsi 2:0:0:0: Attached scsi generic sg1 type 0
Oct 13 14:56:57 kikossyslog kernel: [  716.422660] Driver 'sd' needs updating - please use bus_type methods
Oct 13 14:56:57 kikossyslog kernel: [  716.422935] sd 2:0:0:0: [sda] 62914560 512-byte hardware sectors (32212 MB)
Oct 13 14:56:57 kikossyslog kernel: [  716.423209] sd 2:0:0:0: [sda] Write Protect is off
Oct 13 14:56:57 kikossyslog kernel: [  716.423590] sd 2:0:0:0: [sda] Cache data unavailable
Oct 13 14:56:57 kikossyslog kernel: [  716.423953] sd 2:0:0:0: [sda] 62914560 512-byte hardware sectors (32212 MB)
Oct 13 14:56:57 kikossyslog kernel: [  716.424227] sd 2:0:0:0: [sda] Write Protect is off
Oct 13 14:56:57 kikossyslog kernel: [  716.424538] sd 2:0:0:0: [sda] Cache data unavailable
Oct 13 14:56:57 kikossyslog kernel: [  716.424851]  sda: sda1 sda2 < sda5 >
Oct 13 14:56:57 kikossyslog kernel: [  716.431658] sd 2:0:0:0: [sda] Attached SCSI disk
Oct 13 14:56:57 kikossyslog kernel: [  720.573530] Attempting manual resume
Oct 13 14:56:57 kikossyslog kernel: [  720.603704] EXT3-fs: INFO: recovery required on readonly filesystem.
Oct 13 14:56:57 kikossyslog kernel: [  720.603764] EXT3-fs: write access will be enabled during recovery.
Oct 13 14:56:57 kikossyslog kernel: [  720.813540] kjournald starting.  Commit interval 5 seconds
Oct 13 14:56:57 kikossyslog kernel: [  720.814176] EXT3-fs: sda1: orphan cleanup on readonly fs
Oct 13 14:56:57 kikossyslog kernel: [  720.834019] EXT3-fs: sda1: 2 orphan inodes deleted
Oct 13 14:56:57 kikossyslog kernel: [  720.834390] EXT3-fs: recovery complete.
Oct 13 14:56:57 kikossyslog kernel: [  720.845527] EXT3-fs: mounted filesystem with ordered data mode.
Oct 13 14:56:57 kikossyslog kernel: [  731.633216] pci_hotplug: PCI Hot Plug PCI Core version: 0.5
Oct 13 14:56:57 kikossyslog kernel: [  731.707460] Linux agpgart interface v0.102
Oct 13 14:56:57 kikossyslog kernel: [  731.848658] shpchp: Standard Hot Plug PCI Controller Driver version: 0.4
Oct 13 14:56:57 kikossyslog kernel: [  732.069247] agpgart: Detected an Intel 440BX Chipset.
Oct 13 14:56:57 kikossyslog kernel: [  732.078800] agpgart: AGP aperture is 64M @ 0xec000000
Oct 13 14:56:57 kikossyslog kernel: [  732.208359] piix4_smbus 0000:00:07.3: Found 0000:00:07.3 device
Oct 13 14:56:57 kikossyslog kernel: [  732.398111] input: PC Speaker as /devices/platform/pcspkr/input/input2
Oct 13 14:56:57 kikossyslog kernel: [  734.848211] input: Power Button (FF) as /devices/virtual/input/input3
Oct 13 14:56:57 kikossyslog kernel: [  734.886882] ACPI: Power Button (FF) [PWRF]
Oct 13 14:56:57 kikossyslog kernel: [  735.108700] ACPI: AC Adapter [ACAD] (on-line)
Oct 13 14:56:57 kikossyslog kernel: [  735.998542] eth0: link up
Oct 13 14:56:57 kikossyslog kernel: [  738.366730] input: ImPS/2 Generic Wheel Mouse as /devices/platform/i8042/serio1/input/input4
Oct 13 14:56:57 kikossyslog kernel: [  739.966410] parport_pc 00:08: reported by Plug and Play ACPI
Oct 13 14:56:57 kikossyslog kernel: [  739.967730] parport0: PC-style at 0x378, irq 7 [PCSPP,TRISTATE]
Oct 13 14:56:57 kikossyslog kernel: [  753.491983] NET: Registered protocol family 10
Oct 13 14:56:57 kikossyslog kernel: [  753.496159] lo: Disabled Privacy Extensions
Oct 13 14:56:57 kikossyslog kernel: [  755.371256] loop: module loaded
Oct 13 14:56:57 kikossyslog kernel: [  755.445341] lp0: using parport0 (interrupt-driven).
Oct 13 14:56:57 kikossyslog kernel: [  755.895770] Adding 746980k swap on /dev/sda5.  Priority:-1 extents:1 across:746980k
Oct 13 14:56:57 kikossyslog kernel: [  756.592502] EXT3 FS on sda1, internal journal
Oct 13 14:56:57 kikossyslog kernel: [  758.282599] ip_tables: (C) 2000-2006 Netfilter Core Team
Oct 13 15:00:29 kikossyslog kernel: Kernel logging (proc) stopped.
Oct 13 15:00:29 kikossyslog kernel: Kernel log daemon terminating.
Oct 13 15:00:30 kikossyslog rsyslogd: [origin software="rsyslogd" swVersion="1.19.12" x-pid="3955"] exiting on signal 15.
Oct 13 15:00:56 kikossyslog rsyslogd: [origin software="rsyslogd" swVersion="1.19.12" x-pid="4106"][x-configInfo udpReception="No" udpPort="514" tcpReception="No" tcpPort="0"] restart
Oct 13 15:00:56 kikossyslog kernel: rklogd 1.19.12, log source = /proc/kmsg started.
Oct 13 18:16:28 kikossyslog rsyslogd: [origin software="rsyslogd" swVersion="1.19.12" x-pid="3941"][x-configInfo udpReception="No" udpPort="514" tcpReception="No" tcpPort="0"] restart
Oct 13 18:16:28 kikossyslog kernel: rklogd 1.19.12, log source = /proc/kmsg started.
Oct 13 18:16:28 kikossyslog kernel: [    0.000000] Initializing cgroup subsys cpuset
Oct 13 18:16:28 kikossyslog kernel: [    0.000000] Initializing cgroup subsys cpu
Oct 13 18:16:28 kikossyslog kernel: [    0.000000] Linux version 2.6.24-19-server (buildd@terranova) (gcc version 4.2.3 (Ubuntu 4.2.3-2ubuntu7)) #1 SMP Wed Aug 20 23:54:28 UTC 2008 (Ubuntu 2.6.24-19.41-server)
Oct 13 18:16:28 kikossyslog kernel: [    0.000000] BIOS-provided physical RAM map:
Oct 13 18:16:28 kikossyslog kernel: [    0.000000]  BIOS-e820: 0000000000000000 - 000000000009f800 (usable)
Oct 13 18:16:28 kikossyslog kernel: [    0.000000]  BIOS-e820: 000000000009f800 - 00000000000a0000 (reserved)
Oct 13 18:16:28 kikossyslog kernel: [    0.000000]  BIOS-e820: 00000000000ca000 - 00000000000cc000 (reserved)
Oct 13 18:16:28 kikossyslog kernel: [    0.000000]  BIOS-e820: 00000000000dc000 - 0000000000100000 (reserved)
Oct 13 18:16:28 kikossyslog kernel: [    0.000000]  BIOS-e820: 0000000000100000 - 000000000fef0000 (usable)
Oct 13 18:16:28 kikossyslog kernel: [    0.000000]  BIOS-e820: 000000000fef0000 - 000000000feff000 (ACPI data)
Oct 13 18:16:28 kikossyslog kernel: [    0.000000]  BIOS-e820: 000000000feff000 - 000000000ff00000 (ACPI NVS)
Oct 13 18:16:28 kikossyslog kernel: [    0.000000]  BIOS-e820: 000000000ff00000 - 0000000010000000 (usable)
Oct 13 18:16:28 kikossyslog kernel: [    0.000000]  BIOS-e820: 00000000fec00000 - 00000000fec10000 (reserved)
Oct 13 18:16:28 kikossyslog kernel: [    0.000000]  BIOS-e820: 00000000fee00000 - 00000000fee01000 (reserved)
Oct 13 18:16:28 kikossyslog kernel: [    0.000000]  BIOS-e820: 00000000fffe0000 - 0000000100000000 (reserved)
Oct 13 18:16:28 kikossyslog kernel: [    0.000000] 0MB HIGHMEM available.
Oct 13 18:16:28 kikossyslog kernel: [    0.000000] 256MB LOWMEM available.
Oct 13 18:16:28 kikossyslog kernel: [    0.000000] found SMP MP-table at 000f6ce0
Oct 13 18:16:28 kikossyslog kernel: [    0.000000] NX (Execute Disable) protection: active
Oct 13 18:16:28 kikossyslog kernel: [    0.000000] Zone PFN ranges:
Oct 13 18:16:28 kikossyslog kernel: [    0.000000]   DMA             0 ->     4096
Oct 13 18:16:28 kikossyslog kernel: [    0.000000]   Normal       4096 ->    65536
Oct 13 18:16:28 kikossyslog kernel: [    0.000000]   HighMem     65536 ->    65536
Oct 13 18:16:28 kikossyslog kernel: [    0.000000] Movable zone start PFN for each node
Oct 13 18:16:28 kikossyslog kernel: [    0.000000] early_node_map[1] active PFN ranges
Oct 13 18:16:28 kikossyslog kernel: [    0.000000]     0:        0 ->    65536
Oct 13 18:16:28 kikossyslog kernel: [    0.000000] DMI present.
Oct 13 18:16:28 kikossyslog kernel: [    0.000000] ACPI: RSDP signature @ 0xC00F6C70 checksum 0
Oct 13 18:16:28 kikossyslog kernel: [    0.000000] ACPI: RSDP 000F6C70, 0014 (r0 PTLTD )
Oct 13 18:16:28 kikossyslog kernel: [    0.000000] ACPI: RSDT 0FEFAB74, 0030 (r1 PTLTD    RSDT    6040000  LTP        0)
Oct 13 18:16:28 kikossyslog kernel: [    0.000000] ACPI: FACP 0FEFEF14, 0074 (r1 INTEL  440BX     6040000 PTL     F4240)
Oct 13 18:16:28 kikossyslog kernel: [    0.000000] ACPI: DSDT 0FEFABA4, 4370 (r1 PTLTD  Custom    6040000 MSFT  100000D)
Oct 13 18:16:28 kikossyslog kernel: [    0.000000] ACPI: FACS 0FEFFFC0, 0040
Oct 13 18:16:28 kikossyslog kernel: [    0.000000] ACPI: APIC 0FEFEF88, 0050 (r1 PTLTD  #011 APIC    6040000  LTP        0)
Oct 13 18:16:28 kikossyslog kernel: [    0.000000] ACPI: BOOT 0FEFEFD8, 0028 (r1 PTLTD  $SBFTBL$  6040000  LTP        1)
Oct 13 18:16:28 kikossyslog kernel: [    0.000000] ACPI: PM-Timer IO Port: 0x1008
Oct 13 18:16:28 kikossyslog kernel: [    0.000000] ACPI: LAPIC (acpi_id[0x00] lapic_id[0x00] enabled)
Oct 13 18:16:28 kikossyslog kernel: [    0.000000] Processor #0 15:4 APIC version 17
Oct 13 18:16:28 kikossyslog kernel: [    0.000000] ACPI: LAPIC_NMI (acpi_id[0x00] high edge lint[0x1])
Oct 13 18:16:28 kikossyslog kernel: [    0.000000] ACPI: IOAPIC (id[0x01] address[0xfec00000] gsi_base[0])
Oct 13 18:16:28 kikossyslog kernel: [    0.000000] IOAPIC[0]: apic_id 1, version 17, address 0xfec00000, GSI 0-23
Oct 13 18:16:28 kikossyslog kernel: [    0.000000] ACPI: INT_SRC_OVR (bus 0 bus_irq 0 global_irq 2 high edge)
Oct 13 18:16:28 kikossyslog kernel: [    0.000000] Enabling APIC mode:  Flat.  Using 1 I/O APICs
Oct 13 18:16:28 kikossyslog kernel: [    0.000000] Using ACPI (MADT) for SMP configuration information
Oct 13 18:16:28 kikossyslog kernel: [    0.000000] Allocating PCI resources starting at 20000000 (gap: 10000000:eec00000)
Oct 13 18:16:28 kikossyslog kernel: [    0.000000] swsusp: Registered nosave memory region: 000000000009f000 - 00000000000a0000
Oct 13 18:16:28 kikossyslog kernel: [    0.000000] swsusp: Registered nosave memory region: 00000000000a0000 - 00000000000ca000
Oct 13 18:16:28 kikossyslog kernel: [    0.000000] swsusp: Registered nosave memory region: 00000000000ca000 - 00000000000cc000
Oct 13 18:16:28 kikossyslog kernel: [    0.000000] swsusp: Registered nosave memory region: 00000000000cc000 - 00000000000dc000
Oct 13 18:16:28 kikossyslog kernel: [    0.000000] swsusp: Registered nosave memory region: 00000000000dc000 - 0000000000100000
Oct 13 18:16:28 kikossyslog kernel: [    0.000000] swsusp: Registered nosave memory region: 000000000fef0000 - 000000000feff000
Oct 13 18:16:28 kikossyslog kernel: [    0.000000] swsusp: Registered nosave memory region: 000000000feff000 - 000000000ff00000
Oct 13 18:16:28 kikossyslog kernel: [    0.000000] Built 1 zonelists in Zone order, mobility grouping on.  Total pages: 65024
Oct 13 18:16:28 kikossyslog kernel: [    0.000000] Kernel command line: root=UUID=1b1b55f2-ff82-444c-ab98-ae1f8c82bca0 ro quiet splash
Oct 13 18:16:28 kikossyslog kernel: [    0.000000] Enabling fast FPU save and restore... done.
Oct 13 18:16:28 kikossyslog kernel: [    0.000000] Enabling unmasked SIMD FPU exception support... done.
Oct 13 18:16:28 kikossyslog kernel: [    0.000000] Initializing CPU#0
Oct 13 18:16:28 kikossyslog kernel: [    0.000000] PID hash table entries: 1024 (order: 10, 4096 bytes)
Oct 13 18:16:28 kikossyslog kernel: [    0.000000] Detected 2791.752 MHz processor.
Oct 13 18:16:28 kikossyslog kernel: [   11.892284] Console: colour VGA+ 80x25
Oct 13 18:16:28 kikossyslog kernel: [   11.892727] console [tty0] enabled
Oct 13 18:16:28 kikossyslog kernel: [   11.893583] Dentry cache hash table entries: 32768 (order: 5, 131072 bytes)
Oct 13 18:16:28 kikossyslog kernel: [   11.894440] Inode-cache hash table entries: 16384 (order: 4, 65536 bytes)
Oct 13 18:16:28 kikossyslog kernel: [   11.895297] Memory: 247792k/262144k available (2256k kernel code, 13732k reserved, 1031k data, 384k init, 0k highmem)
Oct 13 18:16:28 kikossyslog kernel: [   11.895357] virtual kernel memory layout:
Oct 13 18:16:28 kikossyslog kernel: [   11.895362]     fixmap  : 0xfff4c000 - 0xfffff000   ( 716 kB)
Oct 13 18:16:28 kikossyslog kernel: [   11.895364]     pkmap   : 0xffc00000 - 0xffe00000   (2048 kB)
Oct 13 18:16:28 kikossyslog kernel: [   11.895366]     vmalloc : 0xd0800000 - 0xffbfe000   ( 755 MB)
Oct 13 18:16:28 kikossyslog kernel: [   11.895367]     lowmem  : 0xc0000000 - 0xd0000000   ( 256 MB)
Oct 13 18:16:28 kikossyslog kernel: [   11.895369]       .init : 0xc043c000 - 0xc049c000   ( 384 kB)
Oct 13 18:16:28 kikossyslog kernel: [   11.895371]       .data : 0xc0334285 - 0xc0435fe4   (1031 kB)
Oct 13 18:16:28 kikossyslog kernel: [   11.895372]       .text : 0xc0100000 - 0xc0334285   (2256 kB)
Oct 13 18:16:28 kikossyslog kernel: [   11.895425] Checking if this processor honours the WP bit even in supervisor mode... Ok.
Oct 13 18:16:28 kikossyslog kernel: [   11.896282] SLUB: Genslabs=11, HWalign=64, Order=0-1, MinObjects=4, CPUs=1, Nodes=1
Oct 13 18:16:28 kikossyslog kernel: [   12.047367] Calibrating delay using timer specific routine.. 5610.37 BogoMIPS (lpj=28051875)
Oct 13 18:16:28 kikossyslog kernel: [   12.047523] Security Framework initialized
Oct 13 18:16:28 kikossyslog kernel: [   12.047679] SELinux:  Disabled at boot.
Oct 13 18:16:28 kikossyslog kernel: [   12.047835] AppArmor: AppArmor initialized
Oct 13 18:16:28 kikossyslog kernel: [   12.047991] Failure registering capabilities with primary security module.
Oct 13 18:16:28 kikossyslog kernel: [   12.048147] Mount-cache hash table entries: 512
Oct 13 18:16:28 kikossyslog kernel: [   12.048303] Initializing cgroup subsys ns
Oct 13 18:16:28 kikossyslog kernel: [   12.048459] Initializing cgroup subsys cpuacct
Oct 13 18:16:28 kikossyslog kernel: [   12.048771] CPU: Trace cache: 12K uops, L1 D cache: 16K
Oct 13 18:16:28 kikossyslog kernel: [   12.048907] CPU: L2 cache: 1024K
Oct 13 18:16:28 kikossyslog kernel: [   12.049219] Compat vDSO mapped to ffffe000.
Oct 13 18:16:28 kikossyslog kernel: [   12.049375] Checking 'hlt' instruction... OK.
Oct 13 18:16:28 kikossyslog kernel: [   12.087005] SMP alternatives: switching to UP code
Oct 13 18:16:28 kikossyslog kernel: [   12.087161] Freeing SMP alternatives: 12k freed
Oct 13 18:16:28 kikossyslog kernel: [   12.087317] Early unpacking initramfs... done
Oct 13 18:16:28 kikossyslog kernel: [   12.087473] ACPI: Core revision 20070126
Oct 13 18:16:28 kikossyslog kernel: [   12.087629] ACPI: Looking for DSDT in initramfs... error, file /DSDT.aml not found.
Oct 13 18:16:28 kikossyslog kernel: [   12.097908] CPU0: Intel(R) Pentium(R) 4 CPU 2.80GHz stepping 08
Oct 13 18:16:28 kikossyslog kernel: [   12.098220] Total of 1 processors activated (5610.37 BogoMIPS).
Oct 13 18:16:28 kikossyslog kernel: [   12.098376] ENABLING IO-APIC IRQs
Oct 13 18:16:28 kikossyslog kernel: [   12.098788] ..TIMER: vector=0x31 apic1=0 pin1=2 apic2=-1 pin2=-1
Oct 13 18:16:28 kikossyslog kernel: [   12.330330] Brought up 1 CPUs
Oct 13 18:16:28 kikossyslog kernel: [   12.381504] net_namespace: 64 bytes
Oct 13 18:16:28 kikossyslog kernel: [   12.381987] Booting paravirtualized kernel on bare hardware
Oct 13 18:16:28 kikossyslog kernel: [   12.392226] Time: 18:15:44  Date: 10/13/08
Oct 13 18:16:28 kikossyslog kernel: [   12.401179] NET: Registered protocol family 16
Oct 13 18:16:28 kikossyslog kernel: [   12.420193] EISA bus registered
Oct 13 18:16:28 kikossyslog kernel: [   12.420844] ACPI: bus type pci registered
Oct 13 18:16:28 kikossyslog kernel: [   12.430254] PCI: PCI BIOS revision 2.10 entry at 0xfd9a0, last bus=1
Oct 13 18:16:28 kikossyslog kernel: [   12.430315] PCI: Using configuration type 1
Oct 13 18:16:28 kikossyslog kernel: [   12.430450] Setting up standard PCI resources
Oct 13 18:16:28 kikossyslog kernel: [   12.612497] ACPI: Interpreter enabled
Oct 13 18:16:28 kikossyslog kernel: [   12.612567] ACPI: (supports S0 S1 S5)
Oct 13 18:16:28 kikossyslog kernel: [   12.612997] ACPI: Using IOAPIC for interrupt routing
Oct 13 18:16:28 kikossyslog kernel: [   12.793905] ACPI: PCI Root Bridge [PCI0] (0000:00)
Oct 13 18:16:28 kikossyslog kernel: [   12.815311] PCI quirk: region 1000-103f claimed by PIIX4 ACPI
Oct 13 18:16:28 kikossyslog kernel: [   12.815384] PCI quirk: region 1040-104f claimed by PIIX4 SMB
Oct 13 18:16:28 kikossyslog kernel: [   12.865751] ACPI: PCI Interrupt Link [LNKA] (IRQs 3 4 5 6 7 9 10 11 14 15) *0, disabled.
Oct 13 18:16:28 kikossyslog kernel: [   12.872934] ACPI: PCI Interrupt Link [LNKB] (IRQs 3 4 5 6 7 *9 10 11 14 15)
Oct 13 18:16:28 kikossyslog kernel: [   12.873239] ACPI: PCI Interrupt Link [LNKC] (IRQs 3 4 5 6 7 9 10 *11 14 15)
Oct 13 18:16:28 kikossyslog kernel: [   12.873415] ACPI: PCI Interrupt Link [LNKD] (IRQs 3 4 5 6 7 9 10 11 14 15) *0, disabled.
Oct 13 18:16:28 kikossyslog kernel: [   12.874980] Linux Plug and Play Support v0.97 (c) Adam Belay
Oct 13 18:16:28 kikossyslog kernel: [   12.875303] pnp: PnP ACPI init
Oct 13 18:16:28 kikossyslog kernel: [   12.875419] ACPI: bus type pnp registered
Oct 13 18:16:28 kikossyslog kernel: [   13.145450] pnp: PnP ACPI: found 12 devices
Oct 13 18:16:28 kikossyslog kernel: [   13.145555] ACPI: ACPI bus type pnp unregistered
Oct 13 18:16:28 kikossyslog kernel: [   13.145716] PnPBIOS: Disabled by ACPI PNP
Oct 13 18:16:28 kikossyslog kernel: [   13.157784] PCI: Using ACPI for IRQ routing
Oct 13 18:16:28 kikossyslog kernel: [   13.157943] PCI: If a device doesn't work, try "pci=routeirq".  If it helps, post a report
Oct 13 18:16:28 kikossyslog kernel: [   13.298541] NET: Registered protocol family 8
Oct 13 18:16:28 kikossyslog kernel: [   13.298566] NET: Registered protocol family 20
Oct 13 18:16:28 kikossyslog kernel: [   13.298938] NetLabel: Initializing
Oct 13 18:16:28 kikossyslog kernel: [   13.298960] NetLabel:  domain hash size = 128
Oct 13 18:16:28 kikossyslog kernel: [   13.298977] NetLabel:  protocols = UNLABELED CIPSOv4
Oct 13 18:16:28 kikossyslog kernel: [   13.306577] NetLabel:  unlabeled traffic allowed by default
Oct 13 18:16:28 kikossyslog kernel: [   13.308329] AppArmor: AppArmor Filesystem Enabled
Oct 13 18:16:28 kikossyslog kernel: [   13.317712] Time: tsc clocksource has been installed.
Oct 13 18:16:28 kikossyslog kernel: [   13.356672] system 00:01: ioport range 0x1000-0x103f has been reserved
Oct 13 18:16:28 kikossyslog kernel: [   13.356700] system 00:01: ioport range 0x1040-0x104f has been reserved
Oct 13 18:16:28 kikossyslog kernel: [   13.406679] PCI: Bridge: 0000:00:01.0
Oct 13 18:16:28 kikossyslog kernel: [   13.406710]   IO window: disabled.
Oct 13 18:16:28 kikossyslog kernel: [   13.406866]   MEM window: disabled.
Oct 13 18:16:28 kikossyslog kernel: [   13.406970]   PREFETCH window: disabled.
Oct 13 18:16:28 kikossyslog kernel: [   13.407282] NET: Registered protocol family 2
Oct 13 18:16:28 kikossyslog kernel: [   13.507337] IP route cache hash table entries: 2048 (order: 1, 8192 bytes)
Oct 13 18:16:28 kikossyslog kernel: [   13.507493] TCP established hash table entries: 8192 (order: 4, 65536 bytes)
Oct 13 18:16:28 kikossyslog kernel: [   13.507649] TCP bind hash table entries: 8192 (order: 4, 65536 bytes)
Oct 13 18:16:28 kikossyslog kernel: [   13.507805] TCP: Hash tables configured (established 8192 bind 8192)
Oct 13 18:16:28 kikossyslog kernel: [   13.507927] TCP reno registered
Oct 13 18:16:28 kikossyslog kernel: [   13.537560] checking if image is initramfs... it is
Oct 13 18:16:28 kikossyslog kernel: [   14.195795] Freeing initrd memory: 7188k freed
Oct 13 18:16:28 kikossyslog kernel: [   14.196138] Simple Boot Flag at 0x36 set to 0x1
Oct 13 18:16:28 kikossyslog kernel: [   14.197766] audit: initializing netlink socket (disabled)
Oct 13 18:16:28 kikossyslog kernel: [   14.197832] audit(1223921731.180:1): initialized
Oct 13 18:16:28 kikossyslog kernel: [   14.198354] Total HugeTLB memory allocated, 0
Oct 13 18:16:28 kikossyslog kernel: [   14.206467] VFS: Disk quotas dquot_6.5.1
Oct 13 18:16:28 kikossyslog kernel: [   14.206763] Dquot-cache hash table entries: 1024 (order 0, 4096 bytes)
Oct 13 18:16:28 kikossyslog kernel: [   14.207333] io scheduler noop registered
Oct 13 18:16:28 kikossyslog kernel: [   14.207399] io scheduler anticipatory registered
Oct 13 18:16:28 kikossyslog kernel: [   14.207436] io scheduler deadline registered (default)
Oct 13 18:16:28 kikossyslog kernel: [   14.207502] io scheduler cfq registered
Oct 13 18:16:28 kikossyslog kernel: [   14.207567] Limiting direct PCI/PCI transfers.
Oct 13 18:16:28 kikossyslog kernel: [   14.209179] isapnp: Scanning for PnP cards...
Oct 13 18:16:28 kikossyslog kernel: [   14.568366] isapnp: No Plug & Play device found
Oct 13 18:16:28 kikossyslog kernel: [   14.655425] Real Time Clock Driver v1.12ac
Oct 13 18:16:28 kikossyslog kernel: [   14.655743] Serial: 8250/16550 driver $Revision: 1.90 $ 4 ports, IRQ sharing enabled
Oct 13 18:16:28 kikossyslog kernel: [   14.655938] serial8250: ttyS0 at I/O 0x3f8 (irq = 4) is a 16550A
Oct 13 18:16:28 kikossyslog kernel: [   14.656157] serial8250: ttyS1 at I/O 0x2f8 (irq = 3) is a 16550A
Oct 13 18:16:28 kikossyslog kernel: [   14.657006] 00:09: ttyS0 at I/O 0x3f8 (irq = 4) is a 16550A
Oct 13 18:16:28 kikossyslog kernel: [   14.657341] 00:0a: ttyS1 at I/O 0x2f8 (irq = 3) is a 16550A
Oct 13 18:16:28 kikossyslog kernel: [   14.659364] RAMDISK driver initialized: 16 RAM disks of 65536K size 1024 blocksize
Oct 13 18:16:28 kikossyslog kernel: [   14.659553] input: Macintosh mouse button emulation as /devices/virtual/input/input0
Oct 13 18:16:28 kikossyslog kernel: [   14.659875] PNP: PS/2 Controller [PNP0303:KBC,PNP0f13:MOUS] at 0x60,0x64 irq 1,12
Oct 13 18:16:28 kikossyslog kernel: [   15.169054] serio: i8042 KBD port at 0x60,0x64 irq 1
Oct 13 18:16:28 kikossyslog kernel: [   15.169245] serio: i8042 AUX port at 0x60,0x64 irq 12
Oct 13 18:16:28 kikossyslog kernel: [   15.174129] mice: PS/2 mouse device common for all mice
Oct 13 18:16:28 kikossyslog kernel: [   15.175357] EISA: Probing bus 0 at eisa.0
Oct 13 18:16:28 kikossyslog kernel: [   15.175634] Cannot allocate resource for EISA slot 1
Oct 13 18:16:28 kikossyslog kernel: [   15.175768] EISA: Detected 0 cards.
Oct 13 18:16:28 kikossyslog kernel: [   15.175907] cpuidle: using governor ladder
Oct 13 18:16:28 kikossyslog kernel: [   15.176046] cpuidle: using governor menu
Oct 13 18:16:28 kikossyslog kernel: [   15.176184] NET: Registered protocol family 1
Oct 13 18:16:28 kikossyslog kernel: [   15.176323] Using IPI No-Shortcut mode
Oct 13 18:16:28 kikossyslog kernel: [   15.176462] registered taskstats version 1
Oct 13 18:16:28 kikossyslog kernel: [   15.176600]   Magic number: 12:629:291
Oct 13 18:16:28 kikossyslog kernel: [   15.176739]   hash matches device ttyz5
Oct 13 18:16:28 kikossyslog kernel: [   15.176832]   hash matches device tty24
Oct 13 18:16:28 kikossyslog kernel: [   15.176931] BIOS EDD facility v0.16 2004-Jun-25, 6 devices found
Oct 13 18:16:28 kikossyslog kernel: [   15.178320] input: AT Translated Set 2 keyboard as /devices/platform/i8042/serio0/input/input1
Oct 13 18:16:28 kikossyslog kernel: [   15.203666] Freeing unused kernel memory: 384k freed
Oct 13 18:16:28 kikossyslog kernel: [   15.434449] fuse init (API version 7.9)
Oct 13 18:16:28 kikossyslog kernel: [   15.454010] ACPI: Processor [CPU0] (supports 8 throttling states)
Oct 13 18:16:28 kikossyslog kernel: [   15.454114] ACPI Exception (processor_core-0816): AE_NOT_FOUND, Processor Device is not present [20070126]
Oct 13 18:16:28 kikossyslog kernel: [   15.454203] ACPI Exception (processor_core-0816): AE_NOT_FOUND, Processor Device is not present [20070126]
Oct 13 18:16:28 kikossyslog kernel: [   15.454236] ACPI Exception (processor_core-0816): AE_NOT_FOUND, Processor Device is not present [20070126]
Oct 13 18:16:28 kikossyslog kernel: [   15.832491] SCSI subsystem initialized
Oct 13 18:16:28 kikossyslog kernel: [   15.922787] scsi0 : ata_piix
Oct 13 18:16:28 kikossyslog kernel: [   15.932624] scsi1 : ata_piix
Oct 13 18:16:28 kikossyslog kernel: [   15.932850] ata1: PATA max UDMA/33 cmd 0x1f0 ctl 0x3f6 bmdma 0x1050 irq 14
Oct 13 18:16:28 kikossyslog kernel: [   15.932891] ata2: PATA max UDMA/33 cmd 0x170 ctl 0x376 bmdma 0x1058 irq 15
Oct 13 18:16:28 kikossyslog kernel: [   16.032417] Fusion MPT base driver 3.04.06
Oct 13 18:16:28 kikossyslog kernel: [   16.032441] Copyright (c) 1999-2007 LSI Corporation
Oct 13 18:16:28 kikossyslog kernel: [   16.051854] Fusion MPT SPI Host driver 3.04.06
Oct 13 18:16:28 kikossyslog kernel: [   16.063879] pcnet32.c:v1.34 14.Aug.2007 tsbogend@alpha.franken.de
Oct 13 18:16:28 kikossyslog kernel: [   16.191692] Floppy drive(s): fd0 is 1.44M
Oct 13 18:16:28 kikossyslog kernel: [   16.212357] FDC 0 is a post-1991 82077
Oct 13 18:16:28 kikossyslog kernel: [   16.253037] ata2.00: ATAPI: VMware Virtual IDE CDROM Drive, 00000001, max UDMA/33
Oct 13 18:16:28 kikossyslog kernel: [   16.411445] ata2.00: configured for UDMA/33
Oct 13 18:16:28 kikossyslog kernel: [   16.423297] scsi 1:0:0:0: CD-ROM            HL-DT-ST DVDRAM GSA-4163B A103 PQ: 0 ANSI: 5
Oct 13 18:16:28 kikossyslog kernel: [   16.424185] ACPI: PCI Interrupt 0000:00:10.0[A] -> GSI 17 (level, low) -> IRQ 16
Oct 13 18:16:28 kikossyslog kernel: [   16.424352] mptbase: ioc0: Initiating bringup
Oct 13 18:16:28 kikossyslog kernel: [   16.600845] ioc0: LSI53C1030 B0: Capabilities={Initiator}
Oct 13 18:16:28 kikossyslog kernel: [   16.907800] Driver 'sr' needs updating - please use bus_type methods
Oct 13 18:16:28 kikossyslog kernel: [   16.923218] sr0: scsi3-mmc drive: 40x/40x writer dvd-ram cd/rw xa/form2 cdda tray
Oct 13 18:16:28 kikossyslog kernel: [   16.923501] Uniform CD-ROM driver Revision: 3.20
Oct 13 18:16:28 kikossyslog kernel: [   16.932116] scsi2 : ioc0: LSI53C1030 B0, FwRev=00000000h, Ports=1, MaxQ=128, IRQ=16
Oct 13 18:16:28 kikossyslog kernel: [   16.933299] sr 1:0:0:0: Attached scsi generic sg0 type 5
Oct 13 18:16:28 kikossyslog kernel: [   17.210743] scsi 2:0:0:0: Direct-Access     VMware,  VMware Virtual S 1.0  PQ: 0 ANSI: 2
Oct 13 18:16:28 kikossyslog kernel: [   17.210951]  target2:0:0: Beginning Domain Validation
Oct 13 18:16:28 kikossyslog kernel: [   17.211159]  target2:0:0: Domain Validation skipping write tests
Oct 13 18:16:28 kikossyslog kernel: [   17.211212]  target2:0:0: Ending Domain Validation
Oct 13 18:16:28 kikossyslog kernel: [   17.211420]  target2:0:0: FAST-40 WIDE SCSI 80.0 MB/s ST (25 ns, offset 127)
Oct 13 18:16:28 kikossyslog kernel: [   17.211628] scsi 2:0:0:0: Attached scsi generic sg1 type 0
Oct 13 18:16:28 kikossyslog kernel: [   17.211997] ACPI: PCI Interrupt 0000:00:11.0[A] -> GSI 18 (level, low) -> IRQ 17
Oct 13 18:16:28 kikossyslog kernel: [   17.212205] pcnet32: PCnet/PCI II 79C970A at 0x1400, 00 0c 29 7c 60 56 assigned IRQ 17.
Oct 13 18:16:28 kikossyslog kernel: [   17.212413] eth0: registered as PCnet/PCI II 79C970A
Oct 13 18:16:28 kikossyslog kernel: [   17.212621] pcnet32: 1 cards_found.
Oct 13 18:16:28 kikossyslog kernel: [   17.250778] Driver 'sd' needs updating - please use bus_type methods
Oct 13 18:16:28 kikossyslog kernel: [   17.250986] sd 2:0:0:0: [sda] 62914560 512-byte hardware sectors (32212 MB)
Oct 13 18:16:28 kikossyslog kernel: [   17.251194] sd 2:0:0:0: [sda] Write Protect is off
Oct 13 18:16:28 kikossyslog kernel: [   17.251491] sd 2:0:0:0: [sda] Cache data unavailable
Oct 13 18:16:28 kikossyslog kernel: [   17.251768] sd 2:0:0:0: [sda] 62914560 512-byte hardware sectors (32212 MB)
Oct 13 18:16:28 kikossyslog kernel: [   17.251976] sd 2:0:0:0: [sda] Write Protect is off
Oct 13 18:16:28 kikossyslog kernel: [   17.252092] sd 2:0:0:0: [sda] Cache data unavailable
Oct 13 18:16:28 kikossyslog kernel: [   17.252305]  sda: sda1 sda2 < sda5 >
Oct 13 18:16:28 kikossyslog kernel: [   17.259531] sd 2:0:0:0: [sda] Attached SCSI disk
Oct 13 18:16:28 kikossyslog kernel: [   19.394490] Attempting manual resume
Oct 13 18:16:28 kikossyslog kernel: [   19.555767] EXT3-fs: INFO: recovery required on readonly filesystem.
Oct 13 18:16:28 kikossyslog kernel: [   19.555803] EXT3-fs: write access will be enabled during recovery.
Oct 13 18:16:28 kikossyslog kernel: [   19.745400] kjournald starting.  Commit interval 5 seconds
Oct 13 18:16:28 kikossyslog kernel: [   19.746240] EXT3-fs: recovery complete.
Oct 13 18:16:28 kikossyslog kernel: [   19.754479] EXT3-fs: mounted filesystem with ordered data mode.
Oct 13 18:16:28 kikossyslog kernel: [   29.792779] Linux agpgart interface v0.102
Oct 13 18:16:28 kikossyslog kernel: [   29.942465] pci_hotplug: PCI Hot Plug PCI Core version: 0.5
Oct 13 18:16:28 kikossyslog kernel: [   30.032669] agpgart: Detected an Intel 440BX Chipset.
Oct 13 18:16:28 kikossyslog kernel: [   30.042289] agpgart: AGP aperture is 64M @ 0xe8000000
Oct 13 18:16:28 kikossyslog kernel: [   30.155331] shpchp: Standard Hot Plug PCI Controller Driver version: 0.4
Oct 13 18:16:28 kikossyslog kernel: [   30.451341] piix4_smbus 0000:00:07.3: Found 0000:00:07.3 device
Oct 13 18:16:28 kikossyslog kernel: [   30.776050] input: PC Speaker as /devices/platform/pcspkr/input/input2
Oct 13 18:16:28 kikossyslog kernel: [   31.010945] eth0: link up
Oct 13 18:16:28 kikossyslog kernel: [   33.934919] input: Power Button (FF) as /devices/virtual/input/input3
Oct 13 18:16:28 kikossyslog kernel: [   33.972709] ACPI: Power Button (FF) [PWRF]
Oct 13 18:16:28 kikossyslog kernel: [   34.742839] ACPI: AC Adapter [ACAD] (on-line)
Oct 13 18:16:28 kikossyslog kernel: [   35.459878] input: ImPS/2 Generic Wheel Mouse as /devices/platform/i8042/serio1/input/input4
Oct 13 18:16:28 kikossyslog kernel: [   38.213953] parport_pc 00:08: reported by Plug and Play ACPI
Oct 13 18:16:28 kikossyslog kernel: [   38.217502] parport0: PC-style at 0x378, irq 7 [PCSPP,TRISTATE]
Oct 13 18:16:28 kikossyslog kernel: [   50.557563] NET: Registered protocol family 10
Oct 13 18:16:28 kikossyslog kernel: [   50.567579] lo: Disabled Privacy Extensions
Oct 13 18:16:28 kikossyslog kernel: [   52.114603] loop: module loaded
Oct 13 18:16:28 kikossyslog kernel: [   52.762582] lp0: using parport0 (interrupt-driven).
Oct 13 18:16:28 kikossyslog kernel: [   53.990325] Adding 746980k swap on /dev/sda5.  Priority:-1 extents:1 across:746980k
Oct 13 18:16:28 kikossyslog kernel: [   55.427303] EXT3 FS on sda1, internal journal
Oct 13 18:16:28 kikossyslog kernel: [   59.079176] ip_tables: (C) 2000-2006 Netfilter Core Team
Oct 14 10:49:00 kikossyslog rsyslogd: [origin software="rsyslogd" swVersion="1.19.12" x-pid="3937"][x-configInfo udpReception="No" udpPort="514" tcpReception="No" tcpPort="0"] restart
Oct 14 10:49:00 kikossyslog kernel: rklogd 1.19.12, log source = /proc/kmsg started.
Oct 14 10:49:00 kikossyslog kernel: [    0.000000] Initializing cgroup subsys cpuset
Oct 14 10:49:00 kikossyslog kernel: [    0.000000] Initializing cgroup subsys cpu
Oct 14 10:49:00 kikossyslog kernel: [    0.000000] Linux version 2.6.24-19-server (buildd@terranova) (gcc version 4.2.3 (Ubuntu 4.2.3-2ubuntu7)) #1 SMP Wed Aug 20 23:54:28 UTC 2008 (Ubuntu 2.6.24-19.41-server)
Oct 14 10:49:00 kikossyslog kernel: [    0.000000] BIOS-provided physical RAM map:
Oct 14 10:49:00 kikossyslog kernel: [    0.000000]  BIOS-e820: 0000000000000000 - 000000000009f800 (usable)
Oct 14 10:49:00 kikossyslog kernel: [    0.000000]  BIOS-e820: 000000000009f800 - 00000000000a0000 (reserved)
Oct 14 10:49:00 kikossyslog kernel: [    0.000000]  BIOS-e820: 00000000000ca000 - 00000000000cc000 (reserved)
Oct 14 10:49:00 kikossyslog kernel: [    0.000000]  BIOS-e820: 00000000000dc000 - 0000000000100000 (reserved)
Oct 14 10:49:00 kikossyslog kernel: [    0.000000]  BIOS-e820: 0000000000100000 - 000000000fef0000 (usable)
Oct 14 10:49:00 kikossyslog kernel: [    0.000000]  BIOS-e820: 000000000fef0000 - 000000000feff000 (ACPI data)
Oct 14 10:49:00 kikossyslog kernel: [    0.000000]  BIOS-e820: 000000000feff000 - 000000000ff00000 (ACPI NVS)
Oct 14 10:49:00 kikossyslog kernel: [    0.000000]  BIOS-e820: 000000000ff00000 - 0000000010000000 (usable)
Oct 14 10:49:00 kikossyslog kernel: [    0.000000]  BIOS-e820: 00000000fec00000 - 00000000fec10000 (reserved)
Oct 14 10:49:00 kikossyslog kernel: [    0.000000]  BIOS-e820: 00000000fee00000 - 00000000fee01000 (reserved)
Oct 14 10:49:00 kikossyslog kernel: [    0.000000]  BIOS-e820: 00000000fffe0000 - 0000000100000000 (reserved)
Oct 14 10:49:00 kikossyslog kernel: [    0.000000] 0MB HIGHMEM available.
Oct 14 10:49:00 kikossyslog kernel: [    0.000000] 256MB LOWMEM available.
Oct 14 10:49:00 kikossyslog kernel: [    0.000000] found SMP MP-table at 000f6ce0
Oct 14 10:49:00 kikossyslog kernel: [    0.000000] NX (Execute Disable) protection: active
Oct 14 10:49:00 kikossyslog kernel: [    0.000000] Zone PFN ranges:
Oct 14 10:49:00 kikossyslog kernel: [    0.000000]   DMA             0 ->     4096
Oct 14 10:49:00 kikossyslog kernel: [    0.000000]   Normal       4096 ->    65536
Oct 14 10:49:00 kikossyslog kernel: [    0.000000]   HighMem     65536 ->    65536
Oct 14 10:49:00 kikossyslog kernel: [    0.000000] Movable zone start PFN for each node
Oct 14 10:49:00 kikossyslog kernel: [    0.000000] early_node_map[1] active PFN ranges
Oct 14 10:49:00 kikossyslog kernel: [    0.000000]     0:        0 ->    65536
Oct 14 10:49:00 kikossyslog kernel: [    0.000000] DMI present.
Oct 14 10:49:00 kikossyslog kernel: [    0.000000] ACPI: RSDP signature @ 0xC00F6C70 checksum 0
Oct 14 10:49:00 kikossyslog kernel: [    0.000000] ACPI: RSDP 000F6C70, 0014 (r0 PTLTD )
Oct 14 10:49:00 kikossyslog kernel: [    0.000000] ACPI: RSDT 0FEFAB74, 0030 (r1 PTLTD    RSDT    6040000  LTP        0)
Oct 14 10:49:00 kikossyslog kernel: [    0.000000] ACPI: FACP 0FEFEF14, 0074 (r1 INTEL  440BX     6040000 PTL     F4240)
Oct 14 10:49:00 kikossyslog kernel: [    0.000000] ACPI: DSDT 0FEFABA4, 4370 (r1 PTLTD  Custom    6040000 MSFT  100000D)
Oct 14 10:49:00 kikossyslog kernel: [    0.000000] ACPI: FACS 0FEFFFC0, 0040
Oct 14 10:49:00 kikossyslog kernel: [    0.000000] ACPI: APIC 0FEFEF88, 0050 (r1 PTLTD  #011 APIC    6040000  LTP        0)
Oct 14 10:49:00 kikossyslog kernel: [    0.000000] ACPI: BOOT 0FEFEFD8, 0028 (r1 PTLTD  $SBFTBL$  6040000  LTP        1)
Oct 14 10:49:00 kikossyslog kernel: [    0.000000] ACPI: PM-Timer IO Port: 0x1008
Oct 14 10:49:00 kikossyslog kernel: [    0.000000] ACPI: LAPIC (acpi_id[0x00] lapic_id[0x00] enabled)
Oct 14 10:49:00 kikossyslog kernel: [    0.000000] Processor #0 15:4 APIC version 17
Oct 14 10:49:00 kikossyslog kernel: [    0.000000] ACPI: LAPIC_NMI (acpi_id[0x00] high edge lint[0x1])
Oct 14 10:49:00 kikossyslog kernel: [    0.000000] ACPI: IOAPIC (id[0x01] address[0xfec00000] gsi_base[0])
Oct 14 10:49:00 kikossyslog kernel: [    0.000000] IOAPIC[0]: apic_id 1, version 17, address 0xfec00000, GSI 0-23
Oct 14 10:49:00 kikossyslog kernel: [    0.000000] ACPI: INT_SRC_OVR (bus 0 bus_irq 0 global_irq 2 high edge)
Oct 14 10:49:00 kikossyslog kernel: [    0.000000] Enabling APIC mode:  Flat.  Using 1 I/O APICs
Oct 14 10:49:00 kikossyslog kernel: [    0.000000] Using ACPI (MADT) for SMP configuration information
Oct 14 10:49:00 kikossyslog kernel: [    0.000000] Allocating PCI resources starting at 20000000 (gap: 10000000:eec00000)
Oct 14 10:49:00 kikossyslog kernel: [    0.000000] swsusp: Registered nosave memory region: 000000000009f000 - 00000000000a0000
Oct 14 10:49:00 kikossyslog kernel: [    0.000000] swsusp: Registered nosave memory region: 00000000000a0000 - 00000000000ca000
Oct 14 10:49:00 kikossyslog kernel: [    0.000000] swsusp: Registered nosave memory region: 00000000000ca000 - 00000000000cc000
Oct 14 10:49:00 kikossyslog kernel: [    0.000000] swsusp: Registered nosave memory region: 00000000000cc000 - 00000000000dc000
Oct 14 10:49:00 kikossyslog kernel: [    0.000000] swsusp: Registered nosave memory region: 00000000000dc000 - 0000000000100000
Oct 14 10:49:00 kikossyslog kernel: [    0.000000] swsusp: Registered nosave memory region: 000000000fef0000 - 000000000feff000
Oct 14 10:49:00 kikossyslog kernel: [    0.000000] swsusp: Registered nosave memory region: 000000000feff000 - 000000000ff00000
Oct 14 10:49:00 kikossyslog kernel: [    0.000000] Built 1 zonelists in Zone order, mobility grouping on.  Total pages: 65024
Oct 14 10:49:00 kikossyslog kernel: [    0.000000] Kernel command line: root=UUID=1b1b55f2-ff82-444c-ab98-ae1f8c82bca0 ro quiet splash
Oct 14 10:49:00 kikossyslog kernel: [    0.000000] Enabling fast FPU save and restore... done.
Oct 14 10:49:00 kikossyslog kernel: [    0.000000] Enabling unmasked SIMD FPU exception support... done.
Oct 14 10:49:00 kikossyslog kernel: [    0.000000] Initializing CPU#0
Oct 14 10:49:00 kikossyslog kernel: [    0.000000] PID hash table entries: 1024 (order: 10, 4096 bytes)
Oct 14 10:49:00 kikossyslog kernel: [    0.000000] Detected 2792.346 MHz processor.
Oct 14 10:49:00 kikossyslog kernel: [    8.957557] Console: colour VGA+ 80x25
Oct 14 10:49:00 kikossyslog kernel: [    8.958107] console [tty0] enabled
Oct 14 10:49:00 kikossyslog kernel: [    8.958964] Dentry cache hash table entries: 32768 (order: 5, 131072 bytes)
Oct 14 10:49:00 kikossyslog kernel: [    8.959821] Inode-cache hash table entries: 16384 (order: 4, 65536 bytes)
Oct 14 10:49:00 kikossyslog kernel: [    8.960678] Memory: 247792k/262144k available (2256k kernel code, 13732k reserved, 1031k data, 384k init, 0k highmem)
Oct 14 10:49:00 kikossyslog kernel: [    8.960766] virtual kernel memory layout:
Oct 14 10:49:00 kikossyslog kernel: [    8.960773]     fixmap  : 0xfff4c000 - 0xfffff000   ( 716 kB)
Oct 14 10:49:00 kikossyslog kernel: [    8.960776]     pkmap   : 0xffc00000 - 0xffe00000   (2048 kB)
Oct 14 10:49:00 kikossyslog kernel: [    8.960780]     vmalloc : 0xd0800000 - 0xffbfe000   ( 755 MB)
Oct 14 10:49:00 kikossyslog kernel: [    8.960783]     lowmem  : 0xc0000000 - 0xd0000000   ( 256 MB)
Oct 14 10:49:00 kikossyslog kernel: [    8.960786]       .init : 0xc043c000 - 0xc049c000   ( 384 kB)
Oct 14 10:49:00 kikossyslog kernel: [    8.960790]       .data : 0xc0334285 - 0xc0435fe4   (1031 kB)
Oct 14 10:49:00 kikossyslog kernel: [    8.960793]       .text : 0xc0100000 - 0xc0334285   (2256 kB)
Oct 14 10:49:00 kikossyslog kernel: [    8.960860] Checking if this processor honours the WP bit even in supervisor mode... Ok.
Oct 14 10:49:00 kikossyslog kernel: [    8.961717] SLUB: Genslabs=11, HWalign=64, Order=0-1, MinObjects=4, CPUs=1, Nodes=1
Oct 14 10:49:00 kikossyslog kernel: [    9.112866] Calibrating delay using timer specific routine.. 5633.51 BogoMIPS (lpj=28167557)
Oct 14 10:49:00 kikossyslog kernel: [    9.113022] Security Framework initialized
Oct 14 10:49:00 kikossyslog kernel: [    9.113178] SELinux:  Disabled at boot.
Oct 14 10:49:00 kikossyslog kernel: [    9.113334] AppArmor: AppArmor initialized
Oct 14 10:49:00 kikossyslog kernel: [    9.113489] Failure registering capabilities with primary security module.
Oct 14 10:49:00 kikossyslog kernel: [    9.113645] Mount-cache hash table entries: 512
Oct 14 10:49:00 kikossyslog kernel: [    9.113801] Initializing cgroup subsys ns
Oct 14 10:49:00 kikossyslog kernel: [    9.113957] Initializing cgroup subsys cpuacct
Oct 14 10:49:00 kikossyslog kernel: [    9.114269] CPU: Trace cache: 12K uops, L1 D cache: 16K
Oct 14 10:49:00 kikossyslog kernel: [    9.114341] CPU: L2 cache: 1024K
Oct 14 10:49:00 kikossyslog kernel: [    9.114653] Compat vDSO mapped to ffffe000.
Oct 14 10:49:00 kikossyslog kernel: [    9.114809] Checking 'hlt' instruction... OK.
Oct 14 10:49:00 kikossyslog kernel: [    9.152578] SMP alternatives: switching to UP code
Oct 14 10:49:00 kikossyslog kernel: [    9.152734] Freeing SMP alternatives: 12k freed
Oct 14 10:49:00 kikossyslog kernel: [    9.152890] Early unpacking initramfs... done
Oct 14 10:49:00 kikossyslog kernel: [    9.153046] ACPI: Core revision 20070126
Oct 14 10:49:00 kikossyslog kernel: [    9.153202] ACPI: Looking for DSDT in initramfs... error, file /DSDT.aml not found.
Oct 14 10:49:00 kikossyslog kernel: [    9.163338] CPU0: Intel(R) Pentium(R) 4 CPU 2.80GHz stepping 08
Oct 14 10:49:00 kikossyslog kernel: [    9.163650] Total of 1 processors activated (5633.51 BogoMIPS).
Oct 14 10:49:00 kikossyslog kernel: [    9.163806] ENABLING IO-APIC IRQs
Oct 14 10:49:00 kikossyslog kernel: [    9.164236] ..TIMER: vector=0x31 apic1=0 pin1=2 apic2=-1 pin2=-1
Oct 14 10:49:00 kikossyslog kernel: [    9.404533] Brought up 1 CPUs
Oct 14 10:49:00 kikossyslog kernel: [    9.525022] net_namespace: 64 bytes
Oct 14 10:49:00 kikossyslog kernel: [    9.525540] Booting paravirtualized kernel on bare hardware
Oct 14 10:49:00 kikossyslog kernel: [    9.545275] Time:  8:48:16  Date: 10/14/08
Oct 14 10:49:00 kikossyslog kernel: [    9.555461] NET: Registered protocol family 16
Oct 14 10:49:00 kikossyslog kernel: [    9.597544] EISA bus registered
Oct 14 10:49:00 kikossyslog kernel: [    9.598422] ACPI: bus type pci registered
Oct 14 10:49:00 kikossyslog kernel: [    9.616971] PCI: PCI BIOS revision 2.10 entry at 0xfd9a0, last bus=1
Oct 14 10:49:00 kikossyslog kernel: [    9.617066] PCI: Using configuration type 1
Oct 14 10:49:00 kikossyslog kernel: [    9.617310] Setting up standard PCI resources
Oct 14 10:49:00 kikossyslog kernel: [    9.896588] ACPI: Interpreter enabled
Oct 14 10:49:00 kikossyslog kernel: [    9.896683] ACPI: (supports S0 S1 S5)
Oct 14 10:49:00 kikossyslog kernel: [    9.897250] ACPI: Using IOAPIC for interrupt routing
Oct 14 10:49:00 kikossyslog kernel: [   10.149042] ACPI: PCI Root Bridge [PCI0] (0000:00)
Oct 14 10:49:00 kikossyslog kernel: [   10.190129] PCI quirk: region 1000-103f claimed by PIIX4 ACPI
Oct 14 10:49:00 kikossyslog kernel: [   10.190229] PCI quirk: region 1040-104f claimed by PIIX4 SMB
Oct 14 10:49:00 kikossyslog kernel: [   10.287948] ACPI: PCI Interrupt Link [LNKA] (IRQs 3 4 5 6 7 9 10 11 14 15) *0, disabled.
Oct 14 10:49:00 kikossyslog kernel: [   10.288726] ACPI: PCI Interrupt Link [LNKB] (IRQs 3 4 5 6 7 *9 10 11 14 15)
Oct 14 10:49:00 kikossyslog kernel: [   10.289033] ACPI: PCI Interrupt Link [LNKC] (IRQs 3 4 5 6 7 9 10 *11 14 15)
Oct 14 10:49:00 kikossyslog kernel: [   10.289288] ACPI: PCI Interrupt Link [LNKD] (IRQs 3 4 5 6 7 9 10 11 14 15) *0, disabled.
Oct 14 10:49:00 kikossyslog kernel: [   10.297578] Linux Plug and Play Support v0.97 (c) Adam Belay
Oct 14 10:49:00 kikossyslog kernel: [   10.297792] pnp: PnP ACPI init
Oct 14 10:49:00 kikossyslog kernel: [   10.297964] ACPI: bus type pnp registered
Oct 14 10:49:00 kikossyslog kernel: [   10.669846] pnp: PnP ACPI: found 12 devices
Oct 14 10:49:00 kikossyslog kernel: [   10.669992] ACPI: ACPI bus type pnp unregistered
Oct 14 10:49:00 kikossyslog kernel: [   10.670126] PnPBIOS: Disabled by ACPI PNP
Oct 14 10:49:00 kikossyslog kernel: [   10.680113] PCI: Using ACPI for IRQ routing
Oct 14 10:49:00 kikossyslog kernel: [   10.680360] PCI: If a device doesn't work, try "pci=routeirq".  If it helps, post a report
Oct 14 10:49:00 kikossyslog kernel: [   10.769544] Clocksource tsc unstable (delta = 90162570 ns)
Oct 14 10:49:00 kikossyslog kernel: [   10.862469] NET: Registered protocol family 8
Oct 14 10:49:00 kikossyslog kernel: [   10.862501] NET: Registered protocol family 20
Oct 14 10:49:00 kikossyslog kernel: [   10.866455] NetLabel: Initializing
Oct 14 10:49:00 kikossyslog kernel: [   10.866485] NetLabel:  domain hash size = 128
Oct 14 10:49:00 kikossyslog kernel: [   10.866509] NetLabel:  protocols = UNLABELED CIPSOv4
Oct 14 10:49:00 kikossyslog kernel: [   10.870649] NetLabel:  unlabeled traffic allowed by default
Oct 14 10:49:00 kikossyslog kernel: [   10.879819] Time: pit clocksource has been installed.
Oct 14 10:49:00 kikossyslog kernel: [   10.880067] AppArmor: AppArmor Filesystem Enabled
Oct 14 10:49:00 kikossyslog kernel: [   10.921677] system 00:01: ioport range 0x1000-0x103f has been reserved
Oct 14 10:49:00 kikossyslog kernel: [   10.921713] system 00:01: ioport range 0x1040-0x104f has been reserved
Oct 14 10:49:00 kikossyslog kernel: [   10.977001] PCI: Bridge: 0000:00:01.0
Oct 14 10:49:00 kikossyslog kernel: [   10.977051]   IO window: disabled.
Oct 14 10:49:00 kikossyslog kernel: [   10.977207]   MEM window: disabled.
Oct 14 10:49:00 kikossyslog kernel: [   10.977352]   PREFETCH window: disabled.
Oct 14 10:49:00 kikossyslog kernel: [   10.977664] NET: Registered protocol family 2
Oct 14 10:49:00 kikossyslog kernel: [   10.979915] Time: acpi_pm clocksource has been installed.
Oct 14 10:49:00 kikossyslog kernel: [   11.079323] IP route cache hash table entries: 2048 (order: 1, 8192 bytes)
Oct 14 10:49:00 kikossyslog kernel: [   11.079388] TCP established hash table entries: 8192 (order: 4, 65536 bytes)
Oct 14 10:49:00 kikossyslog kernel: [   11.079454] TCP bind hash table entries: 8192 (order: 4, 65536 bytes)
Oct 14 10:49:00 kikossyslog kernel: [   11.079519] TCP: Hash tables configured (established 8192 bind 8192)
Oct 14 10:49:00 kikossyslog kernel: [   11.079585] TCP reno registered
Oct 14 10:49:00 kikossyslog kernel: [   11.109271] checking if image is initramfs... it is
Oct 14 10:49:00 kikossyslog kernel: [   12.327258] Freeing initrd memory: 7188k freed
Oct 14 10:49:00 kikossyslog kernel: [   12.327807] Simple Boot Flag at 0x36 set to 0x1
Oct 14 10:49:00 kikossyslog kernel: [   12.330295] audit: initializing netlink socket (disabled)
Oct 14 10:49:00 kikossyslog kernel: [   12.330436] audit(1223974084.080:1): initialized
Oct 14 10:49:00 kikossyslog kernel: [   12.331390] Total HugeTLB memory allocated, 0
Oct 14 10:49:00 kikossyslog kernel: [   12.343500] VFS: Disk quotas dquot_6.5.1
Oct 14 10:49:00 kikossyslog kernel: [   12.344091] Dquot-cache hash table entries: 1024 (order 0, 4096 bytes)
Oct 14 10:49:00 kikossyslog kernel: [   12.347999] io scheduler noop registered
Oct 14 10:49:00 kikossyslog kernel: [   12.348090] io scheduler anticipatory registered
Oct 14 10:49:00 kikossyslog kernel: [   12.348137] io scheduler deadline registered (default)
Oct 14 10:49:00 kikossyslog kernel: [   12.348277] io scheduler cfq registered
Oct 14 10:49:00 kikossyslog kernel: [   12.348418] Limiting direct PCI/PCI transfers.
Oct 14 10:49:00 kikossyslog kernel: [   12.351425] isapnp: Scanning for PnP cards...
Oct 14 10:49:00 kikossyslog kernel: [   12.721201] isapnp: No Plug & Play device found
Oct 14 10:49:00 kikossyslog kernel: [   12.865158] Real Time Clock Driver v1.12ac
Oct 14 10:49:00 kikossyslog kernel: [   12.865662] Serial: 8250/16550 driver $Revision: 1.90 $ 4 ports, IRQ sharing enabled
Oct 14 10:49:00 kikossyslog kernel: [   12.866361] serial8250: ttyS0 at I/O 0x3f8 (irq = 4) is a 16550A
Oct 14 10:49:00 kikossyslog kernel: [   12.866790] serial8250: ttyS1 at I/O 0x2f8 (irq = 3) is a 16550A
Oct 14 10:49:00 kikossyslog kernel: [   12.868268] 00:09: ttyS0 at I/O 0x3f8 (irq = 4) is a 16550A
Oct 14 10:49:00 kikossyslog kernel: [   12.868922] 00:0a: ttyS1 at I/O 0x2f8 (irq = 3) is a 16550A
Oct 14 10:49:00 kikossyslog kernel: [   12.871856] RAMDISK driver initialized: 16 RAM disks of 65536K size 1024 blocksize
Oct 14 10:49:00 kikossyslog kernel: [   12.872224] input: Macintosh mouse button emulation as /devices/virtual/input/input0
Oct 14 10:49:00 kikossyslog kernel: [   12.872892] PNP: PS/2 Controller [PNP0303:KBC,PNP0f13:MOUS] at 0x60,0x64 irq 1,12
Oct 14 10:49:00 kikossyslog kernel: [   13.387877] serio: i8042 KBD port at 0x60,0x64 irq 1
Oct 14 10:49:00 kikossyslog kernel: [   13.388153] serio: i8042 AUX port at 0x60,0x64 irq 12
Oct 14 10:49:00 kikossyslog kernel: [   13.406292] mice: PS/2 mouse device common for all mice
Oct 14 10:49:00 kikossyslog kernel: [   13.408485] EISA: Probing bus 0 at eisa.0
Oct 14 10:49:00 kikossyslog kernel: [   13.415465] Cannot allocate resource for EISA slot 1
Oct 14 10:49:00 kikossyslog kernel: [   13.415665] EISA: Detected 0 cards.
Oct 14 10:49:00 kikossyslog kernel: [   13.415865] cpuidle: using governor ladder
Oct 14 10:49:00 kikossyslog kernel: [   13.416065] cpuidle: using governor menu
Oct 14 10:49:00 kikossyslog kernel: [   13.416265] NET: Registered protocol family 1
Oct 14 10:49:00 kikossyslog kernel: [   13.416465] Using IPI No-Shortcut mode
Oct 14 10:49:00 kikossyslog kernel: [   13.416665] registered taskstats version 1
Oct 14 10:49:00 kikossyslog kernel: [   13.416865]   Magic number: 12:709:826
Oct 14 10:49:00 kikossyslog kernel: [   13.417065]   hash matches device ptyt6
Oct 14 10:49:00 kikossyslog kernel: [   13.417206] BIOS EDD facility v0.16 2004-Jun-25, 6 devices found
Oct 14 10:49:00 kikossyslog kernel: [   13.419008] input: AT Translated Set 2 keyboard as /devices/platform/i8042/serio0/input/input1
Oct 14 10:49:00 kikossyslog kernel: [   13.465379] Freeing unused kernel memory: 384k freed
Oct 14 10:49:00 kikossyslog kernel: [   13.965701] fuse init (API version 7.9)
Oct 14 10:49:00 kikossyslog kernel: [   14.025900] ACPI: Processor [CPU0] (supports 8 throttling states)
Oct 14 10:49:00 kikossyslog kernel: [   14.026029] ACPI Exception (processor_core-0816): AE_NOT_FOUND, Processor Device is not present [20070126]
Oct 14 10:49:00 kikossyslog kernel: [   14.026157] ACPI Exception (processor_core-0816): AE_NOT_FOUND, Processor Device is not present [20070126]
Oct 14 10:49:00 kikossyslog kernel: [   14.026202] ACPI Exception (processor_core-0816): AE_NOT_FOUND, Processor Device is not present [20070126]
Oct 14 10:49:00 kikossyslog kernel: [   14.805336] SCSI subsystem initialized
Oct 14 10:49:00 kikossyslog kernel: [   15.033626] Fusion MPT base driver 3.04.06
Oct 14 10:49:00 kikossyslog kernel: [   15.033761] Copyright (c) 1999-2007 LSI Corporation
Oct 14 10:49:00 kikossyslog kernel: [   15.062804] Fusion MPT SPI Host driver 3.04.06
Oct 14 10:49:00 kikossyslog kernel: [   15.063012] ACPI: PCI Interrupt 0000:00:10.0[A] -> GSI 17 (level, low) -> IRQ 16
Oct 14 10:49:00 kikossyslog kernel: [   15.063220] mptbase: ioc0: Initiating bringup
Oct 14 10:49:00 kikossyslog kernel: [   15.242379] ioc0: LSI53C1030 B0: Capabilities={Initiator}
Oct 14 10:49:00 kikossyslog kernel: [   15.303051] pcnet32.c:v1.34 14.Aug.2007 tsbogend@alpha.franken.de
Oct 14 10:49:00 kikossyslog kernel: [   15.611835] scsi0 : ioc0: LSI53C1030 B0, FwRev=00000000h, Ports=1, MaxQ=128, IRQ=16
Oct 14 10:49:00 kikossyslog kernel: [   15.662529] Floppy drive(s): fd0 is 1.44M
Oct 14 10:49:00 kikossyslog kernel: [   15.682434] FDC 0 is a post-1991 82077
Oct 14 10:49:00 kikossyslog kernel: [   15.911302] scsi 0:0:0:0: Direct-Access     VMware,  VMware Virtual S 1.0  PQ: 0 ANSI: 2
Oct 14 10:49:00 kikossyslog kernel: [   15.911591]  target0:0:0: Beginning Domain Validation
Oct 14 10:49:00 kikossyslog kernel: [   15.911879]  target0:0:0: Domain Validation skipping write tests
Oct 14 10:49:00 kikossyslog kernel: [   15.911933]  target0:0:0: Ending Domain Validation
Oct 14 10:49:00 kikossyslog kernel: [   15.912222]  target0:0:0: FAST-40 WIDE SCSI 80.0 MB/s ST (25 ns, offset 127)
Oct 14 10:49:00 kikossyslog kernel: [   15.931439] ACPI: PCI Interrupt 0000:00:11.0[A] -> GSI 18 (level, low) -> IRQ 17
Oct 14 10:49:00 kikossyslog kernel: [   15.931728] pcnet32: PCnet/PCI II 79C970A at 0x1400, 00 0c 29 7c 60 56 assigned IRQ 17.
Oct 14 10:49:00 kikossyslog kernel: [   15.932017] eth0: registered as PCnet/PCI II 79C970A
Oct 14 10:49:00 kikossyslog kernel: [   15.932306] pcnet32: 1 cards_found.
Oct 14 10:49:00 kikossyslog kernel: [   15.938500] scsi1 : ata_piix
Oct 14 10:49:00 kikossyslog kernel: [   15.941113] scsi2 : ata_piix
Oct 14 10:49:00 kikossyslog kernel: [   15.941402] ata1: PATA max UDMA/33 cmd 0x1f0 ctl 0x3f6 bmdma 0x1050 irq 14
Oct 14 10:49:00 kikossyslog kernel: [   15.941462] ata2: PATA max UDMA/33 cmd 0x170 ctl 0x376 bmdma 0x1058 irq 15
Oct 14 10:49:00 kikossyslog kernel: [   16.262567] ata2.00: ATAPI: VMware Virtual IDE CDROM Drive, 00000001, max UDMA/33
Oct 14 10:49:00 kikossyslog kernel: [   16.420758] ata2.00: configured for UDMA/33
Oct 14 10:49:00 kikossyslog kernel: [   16.432805] scsi 2:0:0:0: CD-ROM            HL-DT-ST DVDRAM GSA-4163B A103 PQ: 0 ANSI: 5
Oct 14 10:49:00 kikossyslog kernel: [   16.531570] Driver 'sd' needs updating - please use bus_type methods
Oct 14 10:49:00 kikossyslog kernel: [   16.531796] sd 0:0:0:0: [sda] 62914560 512-byte hardware sectors (32212 MB)
Oct 14 10:49:00 kikossyslog kernel: [   16.540396] sd 0:0:0:0: [sda] Write Protect is off
Oct 14 10:49:00 kikossyslog kernel: [   16.540790] sd 0:0:0:0: [sda] Cache data unavailable
Oct 14 10:49:00 kikossyslog kernel: [   16.541150] sd 0:0:0:0: [sda] 62914560 512-byte hardware sectors (32212 MB)
Oct 14 10:49:00 kikossyslog kernel: [   16.541376] sd 0:0:0:0: [sda] Write Protect is off
Oct 14 10:49:00 kikossyslog kernel: [   16.541614] sd 0:0:0:0: [sda] Cache data unavailable
Oct 14 10:49:00 kikossyslog kernel: [   16.541850]  sda: sda1 sda2 < sda5 >
